../Core/Src/CanDrv/CanDrv.c:89:19:Can_Write	8	static
../Core/Src/CanDrv/CanDrv.c:51:19:Can_MainFunctionWrite	16	static
../Core/Src/CanDrv/CanDrv.c:123:19:Can_Read	8	static
../Core/Src/CanDrv/CanDrv.c:66:19:Can_MainFunctionRead	16	static
../Core/Src/CanDrv/CanDrv.c:139:6:HAL_CAN_RxFifo0MsgPendingCallback	8	static,ignoring_inline_asm
../Core/Src/CanDrv/CanDrv.c:218:19:Can_FilterConfig	8	static
../Core/Src/CanDrv/CanDrv.c:152:19:Can_Init	16	static
../Core/Src/CanDrv/CanDrv.c:27:6:Can_MainFunction	8	static,ignoring_inline_asm
../Core/Src/CanDrv/CanDrv.c:245:19:Can_DeInit	16	static
../Core/Src/CanDrv/CanDrv.c:270:6:Can_ErrorHandler	0	static,ignoring_inline_asm
