Archive member included to satisfy reference by file (symbol)

C:/ST/STM32CubeIDE_1.16.0/STM32CubeIDE/plugins/com.st.stm32cube.ide.mcu.externaltools.gnu-tools-for-stm32.12.3.rel1.win32_1.0.200.202406191623/tools/bin/../lib/gcc/arm-none-eabi/12.3.1/../../../../arm-none-eabi/lib/thumb/v7e-m+fp/hard\libc_nano.a(libc_a-exit.o)
                              C:/ST/STM32CubeIDE_1.16.0/STM32CubeIDE/plugins/com.st.stm32cube.ide.mcu.externaltools.gnu-tools-for-stm32.12.3.rel1.win32_1.0.200.202406191623/tools/bin/../lib/gcc/arm-none-eabi/12.3.1/../../../../arm-none-eabi/lib/thumb/v7e-m+fp/hard/crt0.o (exit)
C:/ST/STM32CubeIDE_1.16.0/STM32CubeIDE/plugins/com.st.stm32cube.ide.mcu.externaltools.gnu-tools-for-stm32.12.3.rel1.win32_1.0.200.202406191623/tools/bin/../lib/gcc/arm-none-eabi/12.3.1/../../../../arm-none-eabi/lib/thumb/v7e-m+fp/hard\libc_nano.a(libc_a-malloc.o)
                              ./Middlewares/ST/STM32_USB_Host_Library/Class/CDC/Src/usbh_cdc.o (malloc)
C:/ST/STM32CubeIDE_1.16.0/STM32CubeIDE/plugins/com.st.stm32cube.ide.mcu.externaltools.gnu-tools-for-stm32.12.3.rel1.win32_1.0.200.202406191623/tools/bin/../lib/gcc/arm-none-eabi/12.3.1/../../../../arm-none-eabi/lib/thumb/v7e-m+fp/hard\libc_nano.a(libc_a-mallocr.o)
                              C:/ST/STM32CubeIDE_1.16.0/STM32CubeIDE/plugins/com.st.stm32cube.ide.mcu.externaltools.gnu-tools-for-stm32.12.3.rel1.win32_1.0.200.202406191623/tools/bin/../lib/gcc/arm-none-eabi/12.3.1/../../../../arm-none-eabi/lib/thumb/v7e-m+fp/hard\libc_nano.a(libc_a-malloc.o) (_malloc_r)
C:/ST/STM32CubeIDE_1.16.0/STM32CubeIDE/plugins/com.st.stm32cube.ide.mcu.externaltools.gnu-tools-for-stm32.12.3.rel1.win32_1.0.200.202406191623/tools/bin/../lib/gcc/arm-none-eabi/12.3.1/../../../../arm-none-eabi/lib/thumb/v7e-m+fp/hard\libc_nano.a(libc_a-mlock.o)
                              C:/ST/STM32CubeIDE_1.16.0/STM32CubeIDE/plugins/com.st.stm32cube.ide.mcu.externaltools.gnu-tools-for-stm32.12.3.rel1.win32_1.0.200.202406191623/tools/bin/../lib/gcc/arm-none-eabi/12.3.1/../../../../arm-none-eabi/lib/thumb/v7e-m+fp/hard\libc_nano.a(libc_a-mallocr.o) (__malloc_lock)
C:/ST/STM32CubeIDE_1.16.0/STM32CubeIDE/plugins/com.st.stm32cube.ide.mcu.externaltools.gnu-tools-for-stm32.12.3.rel1.win32_1.0.200.202406191623/tools/bin/../lib/gcc/arm-none-eabi/12.3.1/../../../../arm-none-eabi/lib/thumb/v7e-m+fp/hard\libc_nano.a(libc_a-findfp.o)
                              C:/ST/STM32CubeIDE_1.16.0/STM32CubeIDE/plugins/com.st.stm32cube.ide.mcu.externaltools.gnu-tools-for-stm32.12.3.rel1.win32_1.0.200.202406191623/tools/bin/../lib/gcc/arm-none-eabi/12.3.1/../../../../arm-none-eabi/lib/thumb/v7e-m+fp/hard\libc_nano.a(libc_a-exit.o) (__stdio_exit_handler)
C:/ST/STM32CubeIDE_1.16.0/STM32CubeIDE/plugins/com.st.stm32cube.ide.mcu.externaltools.gnu-tools-for-stm32.12.3.rel1.win32_1.0.200.202406191623/tools/bin/../lib/gcc/arm-none-eabi/12.3.1/../../../../arm-none-eabi/lib/thumb/v7e-m+fp/hard\libc_nano.a(libc_a-fwalk.o)
                              C:/ST/STM32CubeIDE_1.16.0/STM32CubeIDE/plugins/com.st.stm32cube.ide.mcu.externaltools.gnu-tools-for-stm32.12.3.rel1.win32_1.0.200.202406191623/tools/bin/../lib/gcc/arm-none-eabi/12.3.1/../../../../arm-none-eabi/lib/thumb/v7e-m+fp/hard\libc_nano.a(libc_a-findfp.o) (_fwalk_sglue)
C:/ST/STM32CubeIDE_1.16.0/STM32CubeIDE/plugins/com.st.stm32cube.ide.mcu.externaltools.gnu-tools-for-stm32.12.3.rel1.win32_1.0.200.202406191623/tools/bin/../lib/gcc/arm-none-eabi/12.3.1/../../../../arm-none-eabi/lib/thumb/v7e-m+fp/hard\libc_nano.a(libc_a-stdio.o)
                              C:/ST/STM32CubeIDE_1.16.0/STM32CubeIDE/plugins/com.st.stm32cube.ide.mcu.externaltools.gnu-tools-for-stm32.12.3.rel1.win32_1.0.200.202406191623/tools/bin/../lib/gcc/arm-none-eabi/12.3.1/../../../../arm-none-eabi/lib/thumb/v7e-m+fp/hard\libc_nano.a(libc_a-findfp.o) (__sread)
C:/ST/STM32CubeIDE_1.16.0/STM32CubeIDE/plugins/com.st.stm32cube.ide.mcu.externaltools.gnu-tools-for-stm32.12.3.rel1.win32_1.0.200.202406191623/tools/bin/../lib/gcc/arm-none-eabi/12.3.1/../../../../arm-none-eabi/lib/thumb/v7e-m+fp/hard\libc_nano.a(libc_a-memmove.o)
                              ./Core/Src/CanTp/CanTp.o (memmove)
C:/ST/STM32CubeIDE_1.16.0/STM32CubeIDE/plugins/com.st.stm32cube.ide.mcu.externaltools.gnu-tools-for-stm32.12.3.rel1.win32_1.0.200.202406191623/tools/bin/../lib/gcc/arm-none-eabi/12.3.1/../../../../arm-none-eabi/lib/thumb/v7e-m+fp/hard\libc_nano.a(libc_a-memset.o)
                              C:/ST/STM32CubeIDE_1.16.0/STM32CubeIDE/plugins/com.st.stm32cube.ide.mcu.externaltools.gnu-tools-for-stm32.12.3.rel1.win32_1.0.200.202406191623/tools/bin/../lib/gcc/arm-none-eabi/12.3.1/../../../../arm-none-eabi/lib/thumb/v7e-m+fp/hard/crt0.o (memset)
C:/ST/STM32CubeIDE_1.16.0/STM32CubeIDE/plugins/com.st.stm32cube.ide.mcu.externaltools.gnu-tools-for-stm32.12.3.rel1.win32_1.0.200.202406191623/tools/bin/../lib/gcc/arm-none-eabi/12.3.1/../../../../arm-none-eabi/lib/thumb/v7e-m+fp/hard\libc_nano.a(libc_a-closer.o)
[...]
Memory Configuration

Name             Origin             Length             Attributes
CCMRAM           0x10000000         0x00010000         xrw
RAM              0x20000000         0x00030000         xrw
FLASH            0x08000000         0x00200000         xr
*default*        0x00000000         0xffffffff

Linker script and memory map

LOAD C:/ST/STM32CubeIDE_1.16.0/STM32CubeIDE/plugins/com.st.stm32cube.ide.mcu.externaltools.gnu-tools-for-stm32.12.3.rel1.win32_1.0.200.202406191623/tools/bin/../lib/gcc/arm-none-eabi/12.3.1/thumb/v7e-m+fp/hard/crti.o
LOAD C:/ST/STM32CubeIDE_1.16.0/STM32CubeIDE/plugins/com.st.stm32cube.ide.mcu.externaltools.gnu-tools-for-stm32.12.3.rel1.win32_1.0.200.202406191623/tools/bin/../lib/gcc/arm-none-eabi/12.3.1/thumb/v7e-m+fp/hard/crtbegin.o
LOAD C:/ST/STM32CubeIDE_1.16.0/STM32CubeIDE/plugins/com.st.stm32cube.ide.mcu.externaltools.gnu-tools-for-stm32.12.3.rel1.win32_1.0.200.202406191623/tools/bin/../lib/gcc/arm-none-eabi/12.3.1/../../../../arm-none-eabi/lib/thumb/v7e-m+fp/hard/crt0.o
LOAD ./Core/Src/CanDrv/CanDrv.o
LOAD ./Core/Src/CanDrv/Test_CanDrv.o
LOAD ./Core/Src/CanIf/CanIf.o
LOAD ./Core/Src/CanTp/CanTp.o
LOAD ./Core/Src/DCM/DCM.o
LOAD ./Core/Src/DCM/Dcm_DID.o
LOAD ./Core/Src/DCM/Dcm_Service_ClearDiagnosticInformation.o
LOAD ./Core/Src/DCM/Dcm_Service_DiagnosticSessionControl.o
LOAD ./Core/Src/DCM/Dcm_Service_ReadDTCInformation.o
LOAD ./Core/Src/DCM/Dcm_Service_ReadDataByIdentifier.o
LOAD ./Core/Src/DCM/Dcm_Service_ReadMemoryByAddress.o
LOAD ./Core/Src/DCM/Dcm_Service_RoutineControl.o
LOAD ./Core/Src/DCM/Dcm_Service_SecurityAccess.o
LOAD ./Core/Src/DCM/Dcm_Service_WriteDataByIdentifier.o
LOAD ./Core/Src/DCM/Dcm_Service_WriteMemoryByAddress.o
LOAD ./Core/Src/Eeprom/Eeprom.o
LOAD ./Core/Src/OS/OS.o
LOAD ./Core/Src/main.o
LOAD ./Core/Src/stm32f4xx_hal_msp.o
LOAD ./Core/Src/stm32f4xx_hal_timebase_tim.o
LOAD ./Core/Src/stm32f4xx_it.o
LOAD ./Core/Src/syscalls.o
LOAD ./Core/Src/sysmem.o
LOAD ./Core/Src/system_stm32f4xx.o
LOAD ./Core/Startup/startup_stm32f429zitx.o
LOAD ./Core/Test/Test.o
LOAD ./Drivers/STM32F4xx_HAL_Driver/Src/stm32f4xx_hal.o
LOAD ./Drivers/STM32F4xx_HAL_Driver/Src/stm32f4xx_hal_can.o
LOAD ./Drivers/STM32F4xx_HAL_Driver/Src/stm32f4xx_hal_cortex.o
LOAD ./Drivers/STM32F4xx_HAL_Driver/Src/stm32f4xx_hal_crc.o
LOAD ./Drivers/STM32F4xx_HAL_Driver/Src/stm32f4xx_hal_dma.o
LOAD ./Drivers/STM32F4xx_HAL_Driver/Src/stm32f4xx_hal_dma2d.o
LOAD ./Drivers/STM32F4xx_HAL_Driver/Src/stm32f4xx_hal_dma_ex.o
LOAD ./Drivers/STM32F4xx_HAL_Driver/Src/stm32f4xx_hal_exti.o
LOAD ./Drivers/STM32F4xx_HAL_Driver/Src/stm32f4xx_hal_flash.o
LOAD ./Drivers/STM32F4xx_HAL_Driver/Src/stm32f4xx_hal_flash_ex.o
LOAD ./Drivers/STM32F4xx_HAL_Driver/Src/stm32f4xx_hal_flash_ramfunc.o
LOAD ./Drivers/STM32F4xx_HAL_Driver/Src/stm32f4xx_hal_gpio.o
LOAD ./Drivers/STM32F4xx_HAL_Driver/Src/stm32f4xx_hal_hcd.o
LOAD ./Drivers/STM32F4xx_HAL_Driver/Src/stm32f4xx_hal_pwr.o
LOAD ./Drivers/STM32F4xx_HAL_Driver/Src/stm32f4xx_hal_pwr_ex.o
LOAD ./Drivers/STM32F4xx_HAL_Driver/Src/stm32f4xx_hal_rcc.o
LOAD ./Drivers/STM32F4xx_HAL_Driver/Src/stm32f4xx_hal_rcc_ex.o
LOAD ./Drivers/STM32F4xx_HAL_Driver/Src/stm32f4xx_hal_sdram.o
LOAD ./Drivers/STM32F4xx_HAL_Driver/Src/stm32f4xx_hal_spi.o
LOAD ./Drivers/STM32F4xx_HAL_Driver/Src/stm32f4xx_hal_tim.o
LOAD ./Drivers/STM32F4xx_HAL_Driver/Src/stm32f4xx_hal_tim_ex.o
LOAD ./Drivers/STM32F4xx_HAL_Driver/Src/stm32f4xx_hal_uart.o
LOAD ./Drivers/STM32F4xx_HAL_Driver/Src/stm32f4xx_ll_fmc.o
LOAD ./Drivers/STM32F4xx_HAL_Driver/Src/stm32f4xx_ll_usb.o
LOAD ./Middlewares/ST/STM32_USB_Host_Library/Class/CDC/Src/usbh_cdc.o
LOAD ./Middlewares/ST/STM32_USB_Host_Library/Core/Src/usbh_core.o
LOAD ./Middlewares/ST/STM32_USB_Host_Library/Core/Src/usbh_ctlreq.o
LOAD ./Middlewares/ST/STM32_USB_Host_Library/Core/Src/usbh_ioreq.o
LOAD ./Middlewares/ST/STM32_USB_Host_Library/Core/Src/usbh_pipes.o
LOAD ./USB_HOST/App/usb_host.o
LOAD ./USB_HOST/Target/usbh_conf.o
LOAD ./USB_HOST/Target/usbh_platform.o
START GROUP
LOAD C:/ST/STM32CubeIDE_1.16.0/STM32CubeIDE/plugins/com.st.stm32cube.ide.mcu.externaltools.gnu-tools-for-stm32.12.3.rel1.win32_1.0.200.202406191623/tools/bin/../lib/gcc/arm-none-eabi/12.3.1/../../../../arm-none-eabi/lib/thumb/v7e-m+fp/hard\libc_nano.a
LOAD C:/ST/STM32CubeIDE_1.16.0/STM32CubeIDE/plugins/com.st.stm32cube.ide.mcu.externaltools.gnu-tools-for-stm32.12.3.rel1.win32_1.0.200.202406191623/tools/bin/../lib/gcc/arm-none-eabi/12.3.1/../../../../arm-none-eabi/lib/thumb/v7e-m+fp/hard\libm.a
END GROUP
START GROUP
LOAD C:/ST/STM32CubeIDE_1.16.0/STM32CubeIDE/plugins/com.st.stm32cube.ide.mcu.externaltools.gnu-tools-for-stm32.12.3.rel1.win32_1.0.200.202406191623/tools/bin/../lib/gcc/arm-none-eabi/12.3.1/thumb/v7e-m+fp/hard\libgcc.a
LOAD C:/ST/STM32CubeIDE_1.16.0/STM32CubeIDE/plugins/com.st.stm32cube.ide.mcu.externaltools.gnu-tools-for-stm32.12.3.rel1.win32_1.0.200.202406191623/tools/bin/../lib/gcc/arm-none-eabi/12.3.1/../../../../arm-none-eabi/lib/thumb/v7e-m+fp/hard\libc_nano.a
END GROUP
START GROUP
LOAD C:/ST/STM32CubeIDE_1.16.0/STM32CubeIDE/plugins/com.st.stm32cube.ide.mcu.externaltools.gnu-tools-for-stm32.12.3.rel1.win32_1.0.200.202406191623/tools/bin/../lib/gcc/arm-none-eabi/12.3.1/thumb/v7e-m+fp/hard\libgcc.a
LOAD C:/ST/STM32CubeIDE_1.16.0/STM32CubeIDE/plugins/com.st.stm32cube.ide.mcu.externaltools.gnu-tools-for-stm32.12.3.rel1.win32_1.0.200.202406191623/tools/bin/../lib/gcc/arm-none-eabi/12.3.1/../../../../arm-none-eabi/lib/thumb/v7e-m+fp/hard\libc_nano.a
LOAD C:/ST/STM32CubeIDE_1.16.0/STM32CubeIDE/plugins/com.st.stm32cube.ide.mcu.externaltools.gnu-tools-for-stm32.12.3.rel1.win32_1.0.200.202406191623/tools/bin/../lib/gcc/arm-none-eabi/12.3.1/../../../../arm-none-eabi/lib/thumb/v7e-m+fp/hard\libnosys.a
END GROUP
START GROUP
LOAD C:/ST/STM32CubeIDE_1.16.0/STM32CubeIDE/plugins/com.st.stm32cube.ide.mcu.externaltools.gnu-tools-for-stm32.12.3.rel1.win32_1.0.200.202406191623/tools/bin/../lib/gcc/arm-none-eabi/12.3.1/thumb/v7e-m+fp/hard\libgcc.a
LOAD C:/ST/STM32CubeIDE_1.16.0/STM32CubeIDE/plugins/com.st.stm32cube.ide.mcu.externaltools.gnu-tools-for-stm32.12.3.rel1.win32_1.0.200.202406191623/tools/bin/../lib/gcc/arm-none-eabi/12.3.1/../../../../arm-none-eabi/lib/thumb/v7e-m+fp/hard\libc_nano.a
LOAD C:/ST/STM32CubeIDE_1.16.0/STM32CubeIDE/plugins/com.st.stm32cube.ide.mcu.externaltools.gnu-tools-for-stm32.12.3.rel1.win32_1.0.200.202406191623/tools/bin/../lib/gcc/arm-none-eabi/12.3.1/../../../../arm-none-eabi/lib/thumb/v7e-m+fp/hard\libnosys.a
END GROUP
LOAD C:/ST/STM32CubeIDE_1.16.0/STM32CubeIDE/plugins/com.st.stm32cube.ide.mcu.externaltools.gnu-tools-for-stm32.12.3.rel1.win32_1.0.200.202406191623/tools/bin/../lib/gcc/arm-none-eabi/12.3.1/thumb/v7e-m+fp/hard/crtend.o
LOAD C:/ST/STM32CubeIDE_1.16.0/STM32CubeIDE/plugins/com.st.stm32cube.ide.mcu.externaltools.gnu-tools-for-stm32.12.3.rel1.win32_1.0.200.202406191623/tools/bin/../lib/gcc/arm-none-eabi/12.3.1/thumb/v7e-m+fp/hard/crtn.o
                0x20030000                        _estack = (ORIGIN (RAM) + LENGTH (RAM))
                0x00000200                        _Min_Heap_Size = 0x200
                0x00000400                        _Min_Stack_Size = 0x400

.isr_vector     0x08000000      0x1ac
                0x08000000                        . = ALIGN (0x4)
 *(.isr_vector)
 .isr_vector    0x08000000      0x1ac ./Core/Startup/startup_stm32f429zitx.o
                0x08000000                g_pfnVectors
                0x080001ac                        . = ALIGN (0x4)

.text           0x080001ac     0x5ae4
                0x080001ac                        . = ALIGN (0x4)
 *(.text)
 .text          0x080001ac       0x40 C:/ST/STM32CubeIDE_1.16.0/STM32CubeIDE/plugins/com.st.stm32cube.ide.mcu.externaltools.gnu-tools-for-stm32.12.3.rel1.win32_1.0.200.202406191623/tools/bin/../lib/gcc/arm-none-eabi/12.3.1/thumb/v7e-m+fp/hard/crtbegin.o
 .text          0x080001ec       0x30 C:/ST/STM32CubeIDE_1.16.0/STM32CubeIDE/plugins/com.st.stm32cube.ide.mcu.externaltools.gnu-tools-for-stm32.12.3.rel1.win32_1.0.200.202406191623/tools/bin/../lib/gcc/arm-none-eabi/12.3.1/thumb/v7e-m+fp/hard\libgcc.a(_aeabi_uldivmod.o)
                0x080001ec                __aeabi_uldivmod
 .text          0x0800021c      0x2bc C:/ST/STM32CubeIDE_1.16.0/STM32CubeIDE/plugins/com.st.stm32cube.ide.mcu.externaltools.gnu-tools-for-stm32.12.3.rel1.win32_1.0.200.202406191623/tools/bin/../lib/gcc/arm-none-eabi/12.3.1/thumb/v7e-m+fp/hard\libgcc.a(_udivmoddi4.o)
                0x0800021c                __udivmoddi4
 .text          0x080004d8        0x4 C:/ST/STM32CubeIDE_1.16.0/STM32CubeIDE/plugins/com.st.stm32cube.ide.mcu.externaltools.gnu-tools-for-stm32.12.3.rel1.win32_1.0.200.202406191623/tools/bin/../lib/gcc/arm-none-eabi/12.3.1/thumb/v7e-m+fp/hard\libgcc.a(_dvmd_tls.o)
                0x080004d8                __aeabi_idiv0
                0x080004d8                __aeabi_ldiv0
 *(.text*)
 .text.Can_Write
                0x080004dc       0x24 ./Core/Src/CanDrv/CanDrv.o
                0x080004dc                Can_Write
 .text.Can_MainFunctionWrite
                0x08000500       0x24 ./Core/Src/CanDrv/CanDrv.o
                0x08000500                Can_MainFunctionWrite
 .text.Can_Read
                0x08000524       0x14 ./Core/Src/CanDrv/CanDrv.o
                0x08000524                Can_Read
 .text.Can_MainFunctionRead
                0x08000538       0x28 ./Core/Src/CanDrv/CanDrv.o
                0x08000538                Can_MainFunctionRead
 .text.HAL_CAN_RxFifo0MsgPendingCallback
                0x08000560        0xe ./Core/Src/CanDrv/CanDrv.o
                0x08000560                HAL_CAN_RxFifo0MsgPendingCallback
 .text.Can_FilterConfig
                0x0800056e       0x24 ./Core/Src/CanDrv/CanDrv.o
                0x0800056e                Can_FilterConfig
 *fill*         0x08000592        0x2 
 .text.Can_Init
                0x08000594       0x5c ./Core/Src/CanDrv/CanDrv.o
                0x08000594                Can_Init
 .text.Can_MainFunction
                0x080005f0       0x20 ./Core/Src/CanDrv/CanDrv.o
                0x080005f0                Can_MainFunction
 .text.CanIf_MainFunction
                0x08000610        0x4 ./Core/Src/CanIf/CanIf.o
                0x08000610                CanIf_MainFunction
 .text.CanIf_RxIndication
                0x08000614       0x18 ./Core/Src/CanIf/CanIf.o
                0x08000614                CanIf_RxIndication
 .text.CanIf_TxConfirmation
                0x0800062c        0xe ./Core/Src/CanIf/CanIf.o
                0x0800062c                CanIf_TxConfirmation
 *fill*         0x0800063a        0x2 
 .text.CanIf_Client
                0x0800063c       0x4c ./Core/Src/CanIf/CanIf.o
                0x0800063c                CanIf_Client
 .text.PduR_Dcm_SendRequest
                0x08000688       0xac ./Core/Src/CanTp/CanTp.o
                0x08000688                PduR_Dcm_SendRequest
 .text.CanTp_Init
                0x08000734       0x1c ./Core/Src/CanTp/CanTp.o
                0x08000734                CanTp_Init
 .text.CanTp_PduR_SendRequest
                0x08000750       0x1c ./Core/Src/CanTp/CanTp.o
                0x08000750                CanTp_PduR_SendRequest
 .text.CanTp_RxIndication
                0x0800076c       0x28 ./Core/Src/CanTp/CanTp.o
                0x0800076c                CanTp_RxIndication
 .text.PduR_MainFunction
                0x08000794       0x38 ./Core/Src/CanTp/CanTp.o
                0x08000794                PduR_MainFunction
 .text.PduR_Dcm_GetResponse
                0x080007cc       0x18 ./Core/Src/CanTp/CanTp.o
                0x080007cc                PduR_Dcm_GetResponse
 .text.CanTp_TxConfirmation
                0x080007e4       0x2c ./Core/Src/CanTp/CanTp.o
                0x080007e4                CanTp_TxConfirmation
 .text.PduR_CanTp_SendResponse
                0x08000810       0x44 ./Core/Src/CanTp/CanTp.o
                0x08000810                PduR_CanTp_SendResponse
 .text.Dcm_CreateResponse
                0x08000854       0x46 ./Core/Src/DCM/DCM.o
                0x08000854                Dcm_CreateResponse
 *fill*         0x0800089a        0x2 
 .text.Dcm_PduR_GetRequest
                0x0800089c       0xf4 ./Core/Src/DCM/DCM.o
                0x0800089c                Dcm_PduR_GetRequest
 .text.Dcm_Test_SecurityAccess
                0x08000990       0x64 ./Core/Src/DCM/DCM.o
                0x08000990                Dcm_Test_SecurityAccess
 .text.Dcm_Init
                0x080009f4        0xe ./Core/Src/DCM/DCM.o
                0x080009f4                Dcm_Init
 *fill*         0x08000a02        0x2 
 .text.Dcm_DID_Init
                0x08000a04       0xa4 ./Core/Src/DCM/Dcm_DID.o
                0x08000a04                Dcm_DID_Init
 .text.Dcm_Service_ClearDiagnosticInformation
                0x08000aa8        0x4 ./Core/Src/DCM/Dcm_Service_ClearDiagnosticInformation.o
                0x08000aa8                Dcm_Service_ClearDiagnosticInformation
 .text.Dcm_Service_DiagnosticSessionControl
                0x08000aac        0x4 ./Core/Src/DCM/Dcm_Service_DiagnosticSessionControl.o
                0x08000aac                Dcm_Service_DiagnosticSessionControl
 .text.Dcm_Service_ReadDTCInformation
                0x08000ab0        0x4 ./Core/Src/DCM/Dcm_Service_ReadDTCInformation.o
                0x08000ab0                Dcm_Service_ReadDTCInformation
 .text.Dcm_Service_ReadDadaByIdentifier_RequestNrcCheck
                0x08000ab4       0x14 ./Core/Src/DCM/Dcm_Service_ReadDataByIdentifier.o
                0x08000ab4                Dcm_Service_ReadDadaByIdentifier_RequestNrcCheck
 .text.Dcm_Service_ReadDataByIdentifier
                0x08000ac8       0xb0 ./Core/Src/DCM/Dcm_Service_ReadDataByIdentifier.o
                0x08000ac8                Dcm_Service_ReadDataByIdentifier
 .text.Dcm_Service_ReadMemoryByAddress
                0x08000b78        0x4 ./Core/Src/DCM/Dcm_Service_ReadMemoryByAddress.o
                0x08000b78                Dcm_Service_ReadMemoryByAddress
 .text.Dcm_Service_RoutineControl
                0x08000b7c        0x4 ./Core/Src/DCM/Dcm_Service_RoutineControl.o
                0x08000b7c                Dcm_Service_RoutineControl
 .text.Dcm_Service_SecurityAccess_RequestNrcCheck
                0x08000b80       0x50 ./Core/Src/DCM/Dcm_Service_SecurityAccess.o
                0x08000b80                Dcm_Service_SecurityAccess_RequestNrcCheck
 .text.Dcm_Service_SecurityAccess_ResetServiceState
                0x08000bd0       0x2c ./Core/Src/DCM/Dcm_Service_SecurityAccess.o
                0x08000bd0                Dcm_Service_SecurityAccess_ResetServiceState
 .text.Dcm_Service_SecurityAccess
                0x08000bfc       0xd4 ./Core/Src/DCM/Dcm_Service_SecurityAccess.o
                0x08000bfc                Dcm_Service_SecurityAccess
 .text.Dcm_Service_WriteDataByIdentifier
                0x08000cd0       0x94 ./Core/Src/DCM/Dcm_Service_WriteDataByIdentifier.o
                0x08000cd0                Dcm_Service_WriteDataByIdentifier
 .text.Dcm_Service_WriteMemoryByAddress
                0x08000d64        0x4 ./Core/Src/DCM/Dcm_Service_WriteMemoryByAddress.o
                0x08000d64                Dcm_Service_WriteMemoryByAddress
 .text.EE_VerifyPageFullyErased
                0x08000d68       0x24 ./Core/Src/Eeprom/Eeprom.o
 .text.EE_VerifyPageFullWriteVariable
                0x08000d8c       0x78 ./Core/Src/Eeprom/Eeprom.o
 .text.EE_Format
                0x08000e04       0x60 ./Core/Src/Eeprom/Eeprom.o
 .text.EE_ReadVariable
                0x08000e64       0x58 ./Core/Src/Eeprom/Eeprom.o
                0x08000e64                EE_ReadVariable
 .text.EE_Init  0x08000ebc      0x190 ./Core/Src/Eeprom/Eeprom.o
                0x08000ebc                EE_Init
 .text.EE_WriteVariable
                0x0800104c       0xbc ./Core/Src/Eeprom/Eeprom.o
                0x0800104c                EE_WriteVariable
 .text.OS_TaskHandler
                0x08001108       0x58 ./Core/Src/OS/OS.o
                0x08001108                OS_TaskHandler
 .text.SystemClock_Config
                0x08001160       0xa4 ./Core/Src/main.o
                0x08001160                SystemClock_Config
 .text.startup.main
                0x08001204      0x4d8 ./Core/Src/main.o
                0x08001204                main
 .text.HAL_TIM_PeriodElapsedCallback
                0x080016dc       0x14 ./Core/Src/main.o
                0x080016dc                HAL_TIM_PeriodElapsedCallback
 .text.Error_Handler
                0x080016f0        0x4 ./Core/Src/main.o
                0x080016f0                Error_Handler
 .text.HAL_MspInit
                0x080016f4       0x38 ./Core/Src/stm32f4xx_hal_msp.o
                0x080016f4                HAL_MspInit
 .text.HAL_CAN_MspInit
                0x0800172c       0xa8 ./Core/Src/stm32f4xx_hal_msp.o
                0x0800172c                HAL_CAN_MspInit
 .text.HAL_CRC_MspInit
                0x080017d4       0x30 ./Core/Src/stm32f4xx_hal_msp.o
                0x080017d4                HAL_CRC_MspInit
 .text.HAL_DMA2D_MspInit
                0x08001804       0x44 ./Core/Src/stm32f4xx_hal_msp.o
                0x08001804                HAL_DMA2D_MspInit
 .text.HAL_SPI_MspInit
                0x08001848       0x68 ./Core/Src/stm32f4xx_hal_msp.o
                0x08001848                HAL_SPI_MspInit
 .text.HAL_TIM_Base_MspInit
                0x080018b0       0x64 ./Core/Src/stm32f4xx_hal_msp.o
                0x080018b0                HAL_TIM_Base_MspInit
 .text.HAL_UART_MspInit
                0x08001914       0xe8 ./Core/Src/stm32f4xx_hal_msp.o
                0x08001914                HAL_UART_MspInit
 .text.HAL_SDRAM_MspInit
                0x080019fc       0xd8 ./Core/Src/stm32f4xx_hal_msp.o
                0x080019fc                HAL_SDRAM_MspInit
 .text.HAL_InitTick
                0x08001ad4       0xa0 ./Core/Src/stm32f4xx_hal_timebase_tim.o
                0x08001ad4                HAL_InitTick
 .text.NMI_Handler
                0x08001b74        0x2 ./Core/Src/stm32f4xx_it.o
                0x08001b74                NMI_Handler
 .text.HardFault_Handler
                0x08001b76        0x2 ./Core/Src/stm32f4xx_it.o
                0x08001b76                HardFault_Handler
 .text.MemManage_Handler
                0x08001b78        0x2 ./Core/Src/stm32f4xx_it.o
                0x08001b78                MemManage_Handler
 .text.BusFault_Handler
                0x08001b7a        0x2 ./Core/Src/stm32f4xx_it.o
                0x08001b7a                BusFault_Handler
 .text.UsageFault_Handler
                0x08001b7c        0x2 ./Core/Src/stm32f4xx_it.o
                0x08001b7c                UsageFault_Handler
 .text.SVC_Handler
                0x08001b7e        0x2 ./Core/Src/stm32f4xx_it.o
                0x08001b7e                SVC_Handler
 .text.DebugMon_Handler
                0x08001b80        0x2 ./Core/Src/stm32f4xx_it.o
                0x08001b80                DebugMon_Handler
 .text.PendSV_Handler
                0x08001b82        0x2 ./Core/Src/stm32f4xx_it.o
                0x08001b82                PendSV_Handler
 .text.SysTick_Handler
                0x08001b84        0x2 ./Core/Src/stm32f4xx_it.o
                0x08001b84                SysTick_Handler
 *fill*         0x08001b86        0x2 
 .text.CAN1_RX0_IRQHandler
                0x08001b88        0xc ./Core/Src/stm32f4xx_it.o
                0x08001b88                CAN1_RX0_IRQHandler
 .text.CAN1_RX1_IRQHandler
                0x08001b94        0x4 ./Core/Src/stm32f4xx_it.o
                0x08001b94                CAN1_RX1_IRQHandler
 .text.TIM2_IRQHandler
                0x08001b98       0x40 ./Core/Src/stm32f4xx_it.o
                0x08001b98                TIM2_IRQHandler
 .text.TIM6_DAC_IRQHandler
                0x08001bd8        0xc ./Core/Src/stm32f4xx_it.o
                0x08001bd8                TIM6_DAC_IRQHandler
 .text.OTG_HS_IRQHandler
                0x08001be4        0xc ./Core/Src/stm32f4xx_it.o
                0x08001be4                OTG_HS_IRQHandler
 .text.DMA2D_IRQHandler
                0x08001bf0        0xc ./Core/Src/stm32f4xx_it.o
                0x08001bf0                DMA2D_IRQHandler
 .text._sbrk    0x08001bfc       0x40 ./Core/Src/sysmem.o
                0x08001bfc                _sbrk
 .text.SystemInit
                0x08001c3c       0x14 ./Core/Src/system_stm32f4xx.o
                0x08001c3c                SystemInit
 .text.Reset_Handler
                0x08001c50       0x50 ./Core/Startup/startup_stm32f429zitx.o
                0x08001c50                Reset_Handler
 .text.Default_Handler
                0x08001ca0        0x2 ./Core/Startup/startup_stm32f429zitx.o
                0x08001ca0                RTC_Alarm_IRQHandler
                0x08001ca0                HASH_RNG_IRQHandler
                0x08001ca0                EXTI2_IRQHandler
                0x08001ca0                TIM8_CC_IRQHandler
                0x08001ca0                UART8_IRQHandler
                0x08001ca0                SPI4_IRQHandler
                0x08001ca0                TIM1_CC_IRQHandler
                0x08001ca0                DMA2_Stream5_IRQHandler
                0x08001ca0                DMA1_Stream5_IRQHandler
                0x08001ca0                PVD_IRQHandler
                0x08001ca0                SDIO_IRQHandler
                0x08001ca0                TAMP_STAMP_IRQHandler
                0x08001ca0                CAN2_RX1_IRQHandler
                0x08001ca0                EXTI3_IRQHandler
                0x08001ca0                TIM8_TRG_COM_TIM14_IRQHandler
                0x08001ca0                TIM1_UP_TIM10_IRQHandler
                0x08001ca0                TIM8_UP_TIM13_IRQHandler
                0x08001ca0                I2C3_ER_IRQHandler
                0x08001ca0                EXTI0_IRQHandler
                0x08001ca0                I2C2_EV_IRQHandler
                0x08001ca0                DMA1_Stream2_IRQHandler
                0x08001ca0                FPU_IRQHandler
                0x08001ca0                OTG_HS_WKUP_IRQHandler
                0x08001ca0                LTDC_ER_IRQHandler
                0x08001ca0                CAN2_SCE_IRQHandler
                0x08001ca0                DMA2_Stream2_IRQHandler
                0x08001ca0                SPI1_IRQHandler
                0x08001ca0                TIM1_BRK_TIM9_IRQHandler
                0x08001ca0                DCMI_IRQHandler
                0x08001ca0                CAN2_RX0_IRQHandler
                0x08001ca0                DMA2_Stream3_IRQHandler
                0x08001ca0                USART6_IRQHandler
                0x08001ca0                USART3_IRQHandler
                0x08001ca0                UART5_IRQHandler
                0x08001ca0                DMA2_Stream0_IRQHandler
                0x08001ca0                TIM4_IRQHandler
                0x08001ca0                I2C1_EV_IRQHandler
                0x08001ca0                DMA1_Stream6_IRQHandler
                0x08001ca0                DMA1_Stream1_IRQHandler
                0x08001ca0                UART4_IRQHandler
                0x08001ca0                TIM3_IRQHandler
                0x08001ca0                RCC_IRQHandler
                0x08001ca0                TIM8_BRK_TIM12_IRQHandler
                0x08001ca0                Default_Handler
                0x08001ca0                EXTI15_10_IRQHandler
                0x08001ca0                ADC_IRQHandler
                0x08001ca0                DMA1_Stream7_IRQHandler
                0x08001ca0                SPI5_IRQHandler
                0x08001ca0                TIM7_IRQHandler
                0x08001ca0                CAN2_TX_IRQHandler
                0x08001ca0                TIM5_IRQHandler
                0x08001ca0                DMA2_Stream7_IRQHandler
                0x08001ca0                I2C3_EV_IRQHandler
                0x08001ca0                EXTI9_5_IRQHandler
                0x08001ca0                RTC_WKUP_IRQHandler
                0x08001ca0                LTDC_IRQHandler
                0x08001ca0                ETH_WKUP_IRQHandler
                0x08001ca0                SPI2_IRQHandler
                0x08001ca0                OTG_HS_EP1_IN_IRQHandler
                0x08001ca0                DMA1_Stream0_IRQHandler
                0x08001ca0                CAN1_TX_IRQHandler
                0x08001ca0                EXTI4_IRQHandler
                0x08001ca0                ETH_IRQHandler
                0x08001ca0                OTG_HS_EP1_OUT_IRQHandler
                0x08001ca0                WWDG_IRQHandler
                0x08001ca0                SPI6_IRQHandler
                0x08001ca0                OTG_FS_WKUP_IRQHandler
                0x08001ca0                TIM1_TRG_COM_TIM11_IRQHandler
                0x08001ca0                EXTI1_IRQHandler
                0x08001ca0                UART7_IRQHandler
                0x08001ca0                USART2_IRQHandler
                0x08001ca0                I2C2_ER_IRQHandler
                0x08001ca0                DMA2_Stream1_IRQHandler
                0x08001ca0                CAN1_SCE_IRQHandler
                0x08001ca0                FLASH_IRQHandler
                0x08001ca0                DMA2_Stream4_IRQHandler
                0x08001ca0                USART1_IRQHandler
                0x08001ca0                OTG_FS_IRQHandler
                0x08001ca0                SPI3_IRQHandler
                0x08001ca0                DMA1_Stream4_IRQHandler
                0x08001ca0                I2C1_ER_IRQHandler
                0x08001ca0                FMC_IRQHandler
                0x08001ca0                DMA2_Stream6_IRQHandler
                0x08001ca0                SAI1_IRQHandler
                0x08001ca0                DMA1_Stream3_IRQHandler
 *fill*         0x08001ca2        0x2 
 .text.HAL_Init
                0x08001ca4       0x34 ./Drivers/STM32F4xx_HAL_Driver/Src/stm32f4xx_hal.o
                0x08001ca4                HAL_Init
 .text.HAL_IncTick
                0x08001cd8       0x18 ./Drivers/STM32F4xx_HAL_Driver/Src/stm32f4xx_hal.o
                0x08001cd8                HAL_IncTick
 .text.HAL_GetTick
                0x08001cf0        0xc ./Drivers/STM32F4xx_HAL_Driver/Src/stm32f4xx_hal.o
                0x08001cf0                HAL_GetTick
 .text.HAL_Delay
                0x08001cfc       0x28 ./Drivers/STM32F4xx_HAL_Driver/Src/stm32f4xx_hal.o
                0x08001cfc                HAL_Delay
 .text.HAL_CAN_Init
                0x08001d24       0xf6 ./Drivers/STM32F4xx_HAL_Driver/Src/stm32f4xx_hal_can.o
                0x08001d24                HAL_CAN_Init
 *fill*         0x08001e1a        0x2 
 .text.HAL_CAN_ConfigFilter
                0x08001e1c      0x10c ./Drivers/STM32F4xx_HAL_Driver/Src/stm32f4xx_hal_can.o
                0x08001e1c                HAL_CAN_ConfigFilter
 .text.HAL_CAN_Start
                0x08001f28       0x56 ./Drivers/STM32F4xx_HAL_Driver/Src/stm32f4xx_hal_can.o
                0x08001f28                HAL_CAN_Start
 .text.HAL_CAN_AddTxMessage
                0x08001f7e       0xa2 ./Drivers/STM32F4xx_HAL_Driver/Src/stm32f4xx_hal_can.o
                0x08001f7e                HAL_CAN_AddTxMessage
 .text.HAL_CAN_GetRxMessage
                0x08002020       0xee ./Drivers/STM32F4xx_HAL_Driver/Src/stm32f4xx_hal_can.o
                0x08002020                HAL_CAN_GetRxMessage
 .text.HAL_CAN_ActivateNotification
                0x0800210e       0x22 ./Drivers/STM32F4xx_HAL_Driver/Src/stm32f4xx_hal_can.o
                0x0800210e                HAL_CAN_ActivateNotification
 .text.HAL_CAN_TxMailbox0CompleteCallback
                0x08002130        0x2 ./Drivers/STM32F4xx_HAL_Driver/Src/stm32f4xx_hal_can.o
                0x08002130                HAL_CAN_TxMailbox0CompleteCallback
 .text.HAL_CAN_TxMailbox1CompleteCallback
                0x08002132        0x2 ./Drivers/STM32F4xx_HAL_Driver/Src/stm32f4xx_hal_can.o
                0x08002132                HAL_CAN_TxMailbox1CompleteCallback
 .text.HAL_CAN_TxMailbox2CompleteCallback
                0x08002134        0x2 ./Drivers/STM32F4xx_HAL_Driver/Src/stm32f4xx_hal_can.o
                0x08002134                HAL_CAN_TxMailbox2CompleteCallback
 .text.HAL_CAN_TxMailbox0AbortCallback
                0x08002136        0x2 ./Drivers/STM32F4xx_HAL_Driver/Src/stm32f4xx_hal_can.o
                0x08002136                HAL_CAN_TxMailbox0AbortCallback
 .text.HAL_CAN_TxMailbox1AbortCallback
                0x08002138        0x2 ./Drivers/STM32F4xx_HAL_Driver/Src/stm32f4xx_hal_can.o
                0x08002138                HAL_CAN_TxMailbox1AbortCallback
 .text.HAL_CAN_TxMailbox2AbortCallback
                0x0800213a        0x2 ./Drivers/STM32F4xx_HAL_Driver/Src/stm32f4xx_hal_can.o
                0x0800213a                HAL_CAN_TxMailbox2AbortCallback
 .text.HAL_CAN_RxFifo0FullCallback
                0x0800213c        0x2 ./Drivers/STM32F4xx_HAL_Driver/Src/stm32f4xx_hal_can.o
                0x0800213c                HAL_CAN_RxFifo0FullCallback
 .text.HAL_CAN_RxFifo1MsgPendingCallback
                0x0800213e        0x2 ./Drivers/STM32F4xx_HAL_Driver/Src/stm32f4xx_hal_can.o
                0x0800213e                HAL_CAN_RxFifo1MsgPendingCallback
 .text.HAL_CAN_RxFifo1FullCallback
                0x08002140        0x2 ./Drivers/STM32F4xx_HAL_Driver/Src/stm32f4xx_hal_can.o
                0x08002140                HAL_CAN_RxFifo1FullCallback
 .text.HAL_CAN_SleepCallback
                0x08002142        0x2 ./Drivers/STM32F4xx_HAL_Driver/Src/stm32f4xx_hal_can.o
                0x08002142                HAL_CAN_SleepCallback
 .text.HAL_CAN_WakeUpFromRxMsgCallback
                0x08002144        0x2 ./Drivers/STM32F4xx_HAL_Driver/Src/stm32f4xx_hal_can.o
                0x08002144                HAL_CAN_WakeUpFromRxMsgCallback
 .text.HAL_CAN_ErrorCallback
                0x08002146        0x2 ./Drivers/STM32F4xx_HAL_Driver/Src/stm32f4xx_hal_can.o
                0x08002146                HAL_CAN_ErrorCallback
 .text.HAL_CAN_IRQHandler
                0x08002148      0x20a ./Drivers/STM32F4xx_HAL_Driver/Src/stm32f4xx_hal_can.o
                0x08002148                HAL_CAN_IRQHandler
 *fill*         0x08002352        0x2 
 .text.HAL_NVIC_SetPriorityGrouping
                0x08002354       0x24 ./Drivers/STM32F4xx_HAL_Driver/Src/stm32f4xx_hal_cortex.o
                0x08002354                HAL_NVIC_SetPriorityGrouping
 .text.HAL_NVIC_SetPriority
                0x08002378       0x64 ./Drivers/STM32F4xx_HAL_Driver/Src/stm32f4xx_hal_cortex.o
                0x08002378                HAL_NVIC_SetPriority
 .text.HAL_NVIC_EnableIRQ
                0x080023dc       0x1c ./Drivers/STM32F4xx_HAL_Driver/Src/stm32f4xx_hal_cortex.o
                0x080023dc                HAL_NVIC_EnableIRQ
 .text.HAL_CRC_Init
                0x080023f8       0x20 ./Drivers/STM32F4xx_HAL_Driver/Src/stm32f4xx_hal_crc.o
                0x080023f8                HAL_CRC_Init
 .text.HAL_DMA2D_Init
                0x08002418       0x58 ./Drivers/STM32F4xx_HAL_Driver/Src/stm32f4xx_hal_dma2d.o
                0x08002418                HAL_DMA2D_Init
 .text.HAL_DMA2D_LineEventCallback
                0x08002470        0x2 ./Drivers/STM32F4xx_HAL_Driver/Src/stm32f4xx_hal_dma2d.o
                0x08002470                HAL_DMA2D_LineEventCallback
 .text.HAL_DMA2D_CLUTLoadingCpltCallback
                0x08002472        0x2 ./Drivers/STM32F4xx_HAL_Driver/Src/stm32f4xx_hal_dma2d.o
                0x08002472                HAL_DMA2D_CLUTLoadingCpltCallback
 .text.HAL_DMA2D_IRQHandler
                0x08002474      0x114 ./Drivers/STM32F4xx_HAL_Driver/Src/stm32f4xx_hal_dma2d.o
                0x08002474                HAL_DMA2D_IRQHandler
 .text.HAL_DMA2D_ConfigLayer
                0x08002588       0x88 ./Drivers/STM32F4xx_HAL_Driver/Src/stm32f4xx_hal_dma2d.o
                0x08002588                HAL_DMA2D_ConfigLayer
 .text.FLASH_Program_DoubleWord
                0x08002610       0x2c ./Drivers/STM32F4xx_HAL_Driver/Src/stm32f4xx_hal_flash.o
 .text.FLASH_Program_Word
                0x0800263c       0x24 ./Drivers/STM32F4xx_HAL_Driver/Src/stm32f4xx_hal_flash.o
 .text.FLASH_Program_HalfWord
                0x08002660       0x24 ./Drivers/STM32F4xx_HAL_Driver/Src/stm32f4xx_hal_flash.o
 .text.FLASH_SetErrorCode
                0x08002684       0x8c ./Drivers/STM32F4xx_HAL_Driver/Src/stm32f4xx_hal_flash.o
 .text.HAL_FLASH_Unlock
                0x08002710       0x24 ./Drivers/STM32F4xx_HAL_Driver/Src/stm32f4xx_hal_flash.o
                0x08002710                HAL_FLASH_Unlock
 .text.FLASH_WaitForLastOperation
                0x08002734       0x50 ./Drivers/STM32F4xx_HAL_Driver/Src/stm32f4xx_hal_flash.o
                0x08002734                FLASH_WaitForLastOperation
 .text.HAL_FLASH_Program
                0x08002784       0x8c ./Drivers/STM32F4xx_HAL_Driver/Src/stm32f4xx_hal_flash.o
                0x08002784                HAL_FLASH_Program
 .text.FLASH_MassErase
                0x08002810       0x38 ./Drivers/STM32F4xx_HAL_Driver/Src/stm32f4xx_hal_flash_ex.o
 .text.FLASH_Erase_Sector
                0x08002848       0x44 ./Drivers/STM32F4xx_HAL_Driver/Src/stm32f4xx_hal_flash_ex.o
                0x08002848                FLASH_Erase_Sector
 .text.FLASH_FlushCaches
                0x0800288c       0x58 ./Drivers/STM32F4xx_HAL_Driver/Src/stm32f4xx_hal_flash_ex.o
                0x0800288c                FLASH_FlushCaches
 .text.HAL_FLASHEx_Erase
                0x080028e4       0xa8 ./Drivers/STM32F4xx_HAL_Driver/Src/stm32f4xx_hal_flash_ex.o
                0x080028e4                HAL_FLASHEx_Erase
 .text.HAL_GPIO_Init
                0x0800298c      0x1c8 ./Drivers/STM32F4xx_HAL_Driver/Src/stm32f4xx_hal_gpio.o
                0x0800298c                HAL_GPIO_Init
 .text.HAL_GPIO_WritePin
                0x08002b54        0xa ./Drivers/STM32F4xx_HAL_Driver/Src/stm32f4xx_hal_gpio.o
                0x08002b54                HAL_GPIO_WritePin
 .text.HAL_HCD_HC_Init
                0x08002b5e       0x6c ./Drivers/STM32F4xx_HAL_Driver/Src/stm32f4xx_hal_hcd.o
                0x08002b5e                HAL_HCD_HC_Init
 .text.HAL_HCD_HC_Halt
                0x08002bca       0x24 ./Drivers/STM32F4xx_HAL_Driver/Src/stm32f4xx_hal_hcd.o
                0x08002bca                HAL_HCD_HC_Halt
 .text.HAL_HCD_Init
                0x08002bee       0x98 ./Drivers/STM32F4xx_HAL_Driver/Src/stm32f4xx_hal_hcd.o
                0x08002bee                HAL_HCD_Init
 *fill*         0x08002c86        0x2 
 .text.HAL_HCD_HC_SubmitRequest
                0x08002c88       0xc8 ./Drivers/STM32F4xx_HAL_Driver/Src/stm32f4xx_hal_hcd.o
                0x08002c88                HAL_HCD_HC_SubmitRequest
 .text.HAL_HCD_IRQHandler
                0x08002d50      0x63c ./Drivers/STM32F4xx_HAL_Driver/Src/stm32f4xx_hal_hcd.o
                0x08002d50                HAL_HCD_IRQHandler
 .text.HAL_HCD_Start
                0x0800338c       0x2a ./Drivers/STM32F4xx_HAL_Driver/Src/stm32f4xx_hal_hcd.o
                0x0800338c                HAL_HCD_Start
 .text.HAL_HCD_Stop
                0x080033b6       0x24 ./Drivers/STM32F4xx_HAL_Driver/Src/stm32f4xx_hal_hcd.o
                0x080033b6                HAL_HCD_Stop
 .text.HAL_HCD_ResetPort
                0x080033da        0x6 ./Drivers/STM32F4xx_HAL_Driver/Src/stm32f4xx_hal_hcd.o
                0x080033da                HAL_HCD_ResetPort
 .text.HAL_HCD_HC_GetURBState
                0x080033e0        0xc ./Drivers/STM32F4xx_HAL_Driver/Src/stm32f4xx_hal_hcd.o
                0x080033e0                HAL_HCD_HC_GetURBState
 .text.HAL_HCD_HC_GetXferCount
                0x080033ec        0xa ./Drivers/STM32F4xx_HAL_Driver/Src/stm32f4xx_hal_hcd.o
                0x080033ec                HAL_HCD_HC_GetXferCount
 .text.HAL_HCD_GetCurrentFrame
                0x080033f6        0x6 ./Drivers/STM32F4xx_HAL_Driver/Src/stm32f4xx_hal_hcd.o
                0x080033f6                HAL_HCD_GetCurrentFrame
 .text.HAL_HCD_GetCurrentSpeed
                0x080033fc        0x6 ./Drivers/STM32F4xx_HAL_Driver/Src/stm32f4xx_hal_hcd.o
                0x080033fc                HAL_HCD_GetCurrentSpeed
 *fill*         0x08003402        0x2 
 .text.HAL_RCC_OscConfig
                0x08003404      0x35c ./Drivers/STM32F4xx_HAL_Driver/Src/stm32f4xx_hal_rcc.o
                0x08003404                HAL_RCC_OscConfig
 .text.HAL_RCC_GetSysClockFreq
                0x08003760       0x5c ./Drivers/STM32F4xx_HAL_Driver/Src/stm32f4xx_hal_rcc.o
                0x08003760                HAL_RCC_GetSysClockFreq
 .text.HAL_RCC_ClockConfig
                0x080037bc      0x134 ./Drivers/STM32F4xx_HAL_Driver/Src/stm32f4xx_hal_rcc.o
                0x080037bc                HAL_RCC_ClockConfig
 .text.HAL_RCC_GetPCLK1Freq
                0x080038f0       0x20 ./Drivers/STM32F4xx_HAL_Driver/Src/stm32f4xx_hal_rcc.o
                0x080038f0                HAL_RCC_GetPCLK1Freq
 .text.HAL_RCC_GetPCLK2Freq
                0x08003910       0x20 ./Drivers/STM32F4xx_HAL_Driver/Src/stm32f4xx_hal_rcc.o
                0x08003910                HAL_RCC_GetPCLK2Freq
 .text.HAL_RCC_GetClockConfig
                0x08003930       0x3c ./Drivers/STM32F4xx_HAL_Driver/Src/stm32f4xx_hal_rcc.o
                0x08003930                HAL_RCC_GetClockConfig
 .text.HAL_SDRAM_Init
                0x0800396c       0x40 ./Drivers/STM32F4xx_HAL_Driver/Src/stm32f4xx_hal_sdram.o
                0x0800396c                HAL_SDRAM_Init
 .text.HAL_SPI_Init
                0x080039ac       0xb8 ./Drivers/STM32F4xx_HAL_Driver/Src/stm32f4xx_hal_spi.o
                0x080039ac                HAL_SPI_Init
 .text.HAL_TIM_Base_Start_IT
                0x08003a64       0x74 ./Drivers/STM32F4xx_HAL_Driver/Src/stm32f4xx_hal_tim.o
                0x08003a64                HAL_TIM_Base_Start_IT
 .text.HAL_TIM_OC_DelayElapsedCallback
                0x08003ad8        0x2 ./Drivers/STM32F4xx_HAL_Driver/Src/stm32f4xx_hal_tim.o
                0x08003ad8                HAL_TIM_OC_DelayElapsedCallback
 .text.HAL_TIM_IC_CaptureCallback
                0x08003ada        0x2 ./Drivers/STM32F4xx_HAL_Driver/Src/stm32f4xx_hal_tim.o
                0x08003ada                HAL_TIM_IC_CaptureCallback
 .text.HAL_TIM_PWM_PulseFinishedCallback
                0x08003adc        0x2 ./Drivers/STM32F4xx_HAL_Driver/Src/stm32f4xx_hal_tim.o
                0x08003adc                HAL_TIM_PWM_PulseFinishedCallback
 .text.HAL_TIM_TriggerCallback
                0x08003ade        0x2 ./Drivers/STM32F4xx_HAL_Driver/Src/stm32f4xx_hal_tim.o
                0x08003ade                HAL_TIM_TriggerCallback
 .text.HAL_TIM_IRQHandler
                0x08003ae0      0x144 ./Drivers/STM32F4xx_HAL_Driver/Src/stm32f4xx_hal_tim.o
                0x08003ae0                HAL_TIM_IRQHandler
 .text.TIM_Base_SetConfig
                0x08003c24       0xcc ./Drivers/STM32F4xx_HAL_Driver/Src/stm32f4xx_hal_tim.o
                0x08003c24                TIM_Base_SetConfig
 .text.HAL_TIM_Base_Init
                0x08003cf0       0x58 ./Drivers/STM32F4xx_HAL_Driver/Src/stm32f4xx_hal_tim.o
                0x08003cf0                HAL_TIM_Base_Init
 .text.TIM_ETR_SetConfig
                0x08003d48       0x14 ./Drivers/STM32F4xx_HAL_Driver/Src/stm32f4xx_hal_tim.o
                0x08003d48                TIM_ETR_SetConfig
 .text.HAL_TIM_ConfigClockSource
                0x08003d5c      0x132 ./Drivers/STM32F4xx_HAL_Driver/Src/stm32f4xx_hal_tim.o
                0x08003d5c                HAL_TIM_ConfigClockSource
 *fill*         0x08003e8e        0x2 
 .text.HAL_TIMEx_MasterConfigSynchronization
                0x08003e90       0x7c ./Drivers/STM32F4xx_HAL_Driver/Src/stm32f4xx_hal_tim_ex.o
                0x08003e90                HAL_TIMEx_MasterConfigSynchronization
 .text.HAL_TIMEx_CommutCallback
                0x08003f0c        0x2 ./Drivers/STM32F4xx_HAL_Driver/Src/stm32f4xx_hal_tim_ex.o
                0x08003f0c                HAL_TIMEx_CommutCallback
 .text.HAL_TIMEx_BreakCallback
                0x08003f0e        0x2 ./Drivers/STM32F4xx_HAL_Driver/Src/stm32f4xx_hal_tim_ex.o
                0x08003f0e                HAL_TIMEx_BreakCallback
 .text.UART_SetConfig
                0x08003f10       0xbc ./Drivers/STM32F4xx_HAL_Driver/Src/stm32f4xx_hal_uart.o
 .text.HAL_UART_Init
                0x08003fcc       0x5c ./Drivers/STM32F4xx_HAL_Driver/Src/stm32f4xx_hal_uart.o
                0x08003fcc                HAL_UART_Init
 .text.FMC_SDRAM_Init
                0x08004028       0x70 ./Drivers/STM32F4xx_HAL_Driver/Src/stm32f4xx_ll_fmc.o
                0x08004028                FMC_SDRAM_Init
 .text.FMC_SDRAM_Timing_Init
                0x08004098       0x6c ./Drivers/STM32F4xx_HAL_Driver/Src/stm32f4xx_ll_fmc.o
                0x08004098                FMC_SDRAM_Timing_Init
 .text.USB_CoreReset
                0x08004104       0x4c ./Drivers/STM32F4xx_HAL_Driver/Src/stm32f4xx_ll_usb.o
 .text.USB_CoreInit
                0x08004150       0x80 ./Drivers/STM32F4xx_HAL_Driver/Src/stm32f4xx_ll_usb.o
                0x08004150                USB_CoreInit
 .text.USB_EnableGlobalInt
                0x080041d0        0xc ./Drivers/STM32F4xx_HAL_Driver/Src/stm32f4xx_ll_usb.o
                0x080041d0                USB_EnableGlobalInt
 .text.USB_DisableGlobalInt
                0x080041dc        0xc ./Drivers/STM32F4xx_HAL_Driver/Src/stm32f4xx_ll_usb.o
                0x080041dc                USB_DisableGlobalInt
 .text.USB_SetCurrentMode
                0x080041e8       0x60 ./Drivers/STM32F4xx_HAL_Driver/Src/stm32f4xx_ll_usb.o
                0x080041e8                USB_SetCurrentMode
 .text.USB_FlushTxFifo
                0x08004248       0x4c ./Drivers/STM32F4xx_HAL_Driver/Src/stm32f4xx_ll_usb.o
                0x08004248                USB_FlushTxFifo
 .text.USB_FlushRxFifo
                0x08004294       0x48 ./Drivers/STM32F4xx_HAL_Driver/Src/stm32f4xx_ll_usb.o
                0x08004294                USB_FlushRxFifo
 .text.USB_WritePacket
                0x080042dc       0x26 ./Drivers/STM32F4xx_HAL_Driver/Src/stm32f4xx_ll_usb.o
                0x080042dc                USB_WritePacket
 .text.USB_ReadPacket
                0x08004302       0x40 ./Drivers/STM32F4xx_HAL_Driver/Src/stm32f4xx_ll_usb.o
                0x08004302                USB_ReadPacket
 .text.USB_ReadInterrupts
                0x08004342        0x8 ./Drivers/STM32F4xx_HAL_Driver/Src/stm32f4xx_ll_usb.o
                0x08004342                USB_ReadInterrupts
 .text.USB_GetMode
                0x0800434a        0x8 ./Drivers/STM32F4xx_HAL_Driver/Src/stm32f4xx_ll_usb.o
                0x0800434a                USB_GetMode
 *fill*         0x08004352        0x2 
 .text.USB_HostInit
                0x08004354       0xd8 ./Drivers/STM32F4xx_HAL_Driver/Src/stm32f4xx_ll_usb.o
                0x08004354                USB_HostInit
 .text.USB_InitFSLSPClkSel
                0x0800442c       0x38 ./Drivers/STM32F4xx_HAL_Driver/Src/stm32f4xx_ll_usb.o
                0x0800442c                USB_InitFSLSPClkSel
 .text.USB_ResetPort
                0x08004464       0x3c ./Drivers/STM32F4xx_HAL_Driver/Src/stm32f4xx_ll_usb.o
                0x08004464                USB_ResetPort
 .text.USB_DriveVbus
                0x080044a0       0x40 ./Drivers/STM32F4xx_HAL_Driver/Src/stm32f4xx_ll_usb.o
                0x080044a0                USB_DriveVbus
 .text.USB_GetHostSpeed
                0x080044e0       0x16 ./Drivers/STM32F4xx_HAL_Driver/Src/stm32f4xx_ll_usb.o
                0x080044e0                USB_GetHostSpeed
 .text.USB_GetCurrentFrame
                0x080044f6        0xa ./Drivers/STM32F4xx_HAL_Driver/Src/stm32f4xx_ll_usb.o
                0x080044f6                USB_GetCurrentFrame
 .text.USB_HC_Init
                0x08004500       0xfe ./Drivers/STM32F4xx_HAL_Driver/Src/stm32f4xx_ll_usb.o
                0x08004500                USB_HC_Init
 .text.USB_HC_ReadInterrupt
                0x080045fe        0xa ./Drivers/STM32F4xx_HAL_Driver/Src/stm32f4xx_ll_usb.o
                0x080045fe                USB_HC_ReadInterrupt
 .text.USB_HC_Halt
                0x08004608       0xb8 ./Drivers/STM32F4xx_HAL_Driver/Src/stm32f4xx_ll_usb.o
                0x08004608                USB_HC_Halt
 .text.USB_DoPing
                0x080046c0       0x24 ./Drivers/STM32F4xx_HAL_Driver/Src/stm32f4xx_ll_usb.o
                0x080046c0                USB_DoPing
 .text.USB_HC_StartXfer
                0x080046e4      0x14c ./Drivers/STM32F4xx_HAL_Driver/Src/stm32f4xx_ll_usb.o
                0x080046e4                USB_HC_StartXfer
 .text.USB_StopHost
                0x08004830       0x80 ./Drivers/STM32F4xx_HAL_Driver/Src/stm32f4xx_ll_usb.o
                0x08004830                USB_StopHost
 .text.USBH_CDC_SOFProcess
                0x080048b0        0x4 ./Middlewares/ST/STM32_USB_Host_Library/Class/CDC/Src/usbh_cdc.o
 .text.USBH_CDC_InterfaceDeInit
                0x080048b4       0x62 ./Middlewares/ST/STM32_USB_Host_Library/Class/CDC/Src/usbh_cdc.o
 .text.USBH_CDC_InterfaceInit
                0x08004916      0x148 ./Middlewares/ST/STM32_USB_Host_Library/Class/CDC/Src/usbh_cdc.o
 .text.USBH_CDC_ClassRequest
                0x08004a5e       0x30 ./Middlewares/ST/STM32_USB_Host_Library/Class/CDC/Src/usbh_cdc.o
 .text.USBH_CDC_TransmitCallback
                0x08004a8e        0x2 ./Middlewares/ST/STM32_USB_Host_Library/Class/CDC/Src/usbh_cdc.o
                0x08004a8e                USBH_CDC_TransmitCallback
 .text.USBH_CDC_ReceiveCallback
                0x08004a90        0x2 ./Middlewares/ST/STM32_USB_Host_Library/Class/CDC/Src/usbh_cdc.o
                0x08004a90                USBH_CDC_ReceiveCallback
 .text.USBH_CDC_LineCodingChanged
                0x08004a92        0x2 ./Middlewares/ST/STM32_USB_Host_Library/Class/CDC/Src/usbh_cdc.o
                0x08004a92                USBH_CDC_LineCodingChanged
 .text.USBH_CDC_Process
                0x08004a94      0x162 ./Middlewares/ST/STM32_USB_Host_Library/Class/CDC/Src/usbh_cdc.o
 .text.DeInitStateMachine.isra.0
                0x08004bf6       0x3c ./Middlewares/ST/STM32_USB_Host_Library/Core/Src/usbh_core.o
 .text.USBH_Init
                0x08004c32       0x3a ./Middlewares/ST/STM32_USB_Host_Library/Core/Src/usbh_core.o
                0x08004c32                USBH_Init
 .text.USBH_RegisterClass
                0x08004c6c       0x1a ./Middlewares/ST/STM32_USB_Host_Library/Core/Src/usbh_core.o
                0x08004c6c                USBH_RegisterClass
 .text.USBH_SelectInterface
                0x08004c86       0x12 ./Middlewares/ST/STM32_USB_Host_Library/Core/Src/usbh_core.o
                0x08004c86                USBH_SelectInterface
 .text.USBH_FindInterface
                0x08004c98       0x38 ./Middlewares/ST/STM32_USB_Host_Library/Core/Src/usbh_core.o
                0x08004c98                USBH_FindInterface
 .text.USBH_Start
                0x08004cd0       0x14 ./Middlewares/ST/STM32_USB_Host_Library/Core/Src/usbh_core.o
                0x08004cd0                USBH_Start
 .text.USBH_Process
                0x08004ce4      0x3a8 ./Middlewares/ST/STM32_USB_Host_Library/Core/Src/usbh_core.o
                0x08004ce4                USBH_Process
 .text.USBH_LL_SetTimer
                0x0800508c        0x6 ./Middlewares/ST/STM32_USB_Host_Library/Core/Src/usbh_core.o
                0x0800508c                USBH_LL_SetTimer
 .text.USBH_LL_IncTimer
                0x08005092       0x1c ./Middlewares/ST/STM32_USB_Host_Library/Core/Src/usbh_core.o
                0x08005092                USBH_LL_IncTimer
 .text.USBH_LL_PortEnabled
                0x080050ae        0x8 ./Middlewares/ST/STM32_USB_Host_Library/Core/Src/usbh_core.o
                0x080050ae                USBH_LL_PortEnabled
 .text.USBH_LL_PortDisabled
                0x080050b6        0x8 ./Middlewares/ST/STM32_USB_Host_Library/Core/Src/usbh_core.o
                0x080050b6                USBH_LL_PortDisabled
 .text.USBH_LL_Connect
                0x080050be       0x14 ./Middlewares/ST/STM32_USB_Host_Library/Core/Src/usbh_core.o
                0x080050be                USBH_LL_Connect
 .text.USBH_LL_Disconnect
                0x080050d2       0x2c ./Middlewares/ST/STM32_USB_Host_Library/Core/Src/usbh_core.o
                0x080050d2                USBH_LL_Disconnect
 .text.USBH_CtlReq
                0x080050fe      0x170 ./Middlewares/ST/STM32_USB_Host_Library/Core/Src/usbh_ctlreq.o
                0x080050fe                USBH_CtlReq
 .text.USBH_GetDescriptor
                0x0800526e       0x38 ./Middlewares/ST/STM32_USB_Host_Library/Core/Src/usbh_ctlreq.o
                0x0800526e                USBH_GetDescriptor
 *fill*         0x080052a6        0x2 
 .text.USBH_Get_DevDesc
                0x080052a8       0xb4 ./Middlewares/ST/STM32_USB_Host_Library/Core/Src/usbh_ctlreq.o
                0x080052a8                USBH_Get_DevDesc
 .text.USBH_Get_CfgDesc
                0x0800535c      0x1d0 ./Middlewares/ST/STM32_USB_Host_Library/Core/Src/usbh_ctlreq.o
                0x0800535c                USBH_Get_CfgDesc
 .text.USBH_Get_StringDesc
                0x0800552c       0x4e ./Middlewares/ST/STM32_USB_Host_Library/Core/Src/usbh_ctlreq.o
                0x0800552c                USBH_Get_StringDesc
 .text.USBH_SetAddress
                0x0800557a       0x1a ./Middlewares/ST/STM32_USB_Host_Library/Core/Src/usbh_ctlreq.o
                0x0800557a                USBH_SetAddress
 .text.USBH_SetCfg
                0x08005594       0x1a ./Middlewares/ST/STM32_USB_Host_Library/Core/Src/usbh_ctlreq.o
                0x08005594                USBH_SetCfg
 .text.USBH_SetFeature
                0x080055ae       0x1a ./Middlewares/ST/STM32_USB_Host_Library/Core/Src/usbh_ctlreq.o
                0x080055ae                USBH_SetFeature
 .text.USBH_ClrFeature
                0x080055c8       0x1a ./Middlewares/ST/STM32_USB_Host_Library/Core/Src/usbh_ctlreq.o
                0x080055c8                USBH_ClrFeature
 .text.USBH_CtlSendSetup
                0x080055e2       0x20 ./Middlewares/ST/STM32_USB_Host_Library/Core/Src/usbh_ioreq.o
                0x080055e2                USBH_CtlSendSetup
 .text.USBH_CtlSendData
                0x08005602       0x2e ./Middlewares/ST/STM32_USB_Host_Library/Core/Src/usbh_ioreq.o
                0x08005602                USBH_CtlSendData
 .text.USBH_CtlReceiveData
                0x08005630       0x20 ./Middlewares/ST/STM32_USB_Host_Library/Core/Src/usbh_ioreq.o
                0x08005630                USBH_CtlReceiveData
 .text.USBH_BulkSendData
                0x08005650       0x2e ./Middlewares/ST/STM32_USB_Host_Library/Core/Src/usbh_ioreq.o
                0x08005650                USBH_BulkSendData
 .text.USBH_BulkReceiveData
                0x0800567e       0x20 ./Middlewares/ST/STM32_USB_Host_Library/Core/Src/usbh_ioreq.o
                0x0800567e                USBH_BulkReceiveData
 .text.USBH_OpenPipe
                0x0800569e       0x1e ./Middlewares/ST/STM32_USB_Host_Library/Core/Src/usbh_pipes.o
                0x0800569e                USBH_OpenPipe
 .text.USBH_ClosePipe
                0x080056bc        0xa ./Middlewares/ST/STM32_USB_Host_Library/Core/Src/usbh_pipes.o
                0x080056bc                USBH_ClosePipe
 .text.USBH_AllocPipe
                0x080056c6       0x2e ./Middlewares/ST/STM32_USB_Host_Library/Core/Src/usbh_pipes.o
                0x080056c6                USBH_AllocPipe
 .text.USBH_FreePipe
                0x080056f4       0x18 ./Middlewares/ST/STM32_USB_Host_Library/Core/Src/usbh_pipes.o
                0x080056f4                USBH_FreePipe
 .text.USBH_UserProcess
                0x0800570c       0x24 ./USB_HOST/App/usb_host.o
 .text.MX_USB_HOST_Init
                0x08005730       0x40 ./USB_HOST/App/usb_host.o
                0x08005730                MX_USB_HOST_Init
 .text.MX_USB_HOST_Process
                0x08005770        0xc ./USB_HOST/App/usb_host.o
                0x08005770                MX_USB_HOST_Process
 .text.HAL_HCD_MspInit
                0x0800577c       0x7c ./USB_HOST/Target/usbh_conf.o
                0x0800577c                HAL_HCD_MspInit
 .text.HAL_HCD_SOF_Callback
                0x080057f8        0x8 ./USB_HOST/Target/usbh_conf.o
                0x080057f8                HAL_HCD_SOF_Callback
 .text.HAL_HCD_Connect_Callback
                0x08005800        0x8 ./USB_HOST/Target/usbh_conf.o
                0x08005800                HAL_HCD_Connect_Callback
 .text.HAL_HCD_Disconnect_Callback
                0x08005808        0x8 ./USB_HOST/Target/usbh_conf.o
                0x08005808                HAL_HCD_Disconnect_Callback
 .text.HAL_HCD_HC_NotifyURBChange_Callback
                0x08005810        0x2 ./USB_HOST/Target/usbh_conf.o
                0x08005810                HAL_HCD_HC_NotifyURBChange_Callback
 .text.HAL_HCD_PortEnabled_Callback
                0x08005812        0x8 ./USB_HOST/Target/usbh_conf.o
                0x08005812                HAL_HCD_PortEnabled_Callback
 .text.HAL_HCD_PortDisabled_Callback
                0x0800581a        0x8 ./USB_HOST/Target/usbh_conf.o
                0x0800581a                HAL_HCD_PortDisabled_Callback
 *fill*         0x08005822        0x2 
 .text.USBH_LL_Init
                0x08005824       0x54 ./USB_HOST/Target/usbh_conf.o
                0x08005824                USBH_LL_Init
 .text.USBH_LL_GetSpeed
                0x08005878       0x16 ./USB_HOST/Target/usbh_conf.o
                0x08005878                USBH_LL_GetSpeed
 .text.USBH_LL_GetLastXferSize
                0x0800588e        0x8 ./USB_HOST/Target/usbh_conf.o
                0x0800588e                USBH_LL_GetLastXferSize
 .text.USBH_LL_GetURBState
                0x08005896        0x8 ./USB_HOST/Target/usbh_conf.o
                0x08005896                USBH_LL_GetURBState
 .text.USBH_LL_DriverVBUS
                0x0800589e       0x18 ./USB_HOST/Target/usbh_conf.o
                0x0800589e                USBH_LL_DriverVBUS
 .text.USBH_LL_SetToggle
                0x080058b6       0x1e ./USB_HOST/Target/usbh_conf.o
                0x080058b6                USBH_LL_SetToggle
 .text.USBH_Delay
                0x080058d4        0x4 ./USB_HOST/Target/usbh_conf.o
                0x080058d4                USBH_Delay
 .text.USBH_Get_USB_Status
                0x080058d8        0xc ./USB_HOST/Target/usbh_conf.o
                0x080058d8                USBH_Get_USB_Status
 .text.USBH_LL_Start
                0x080058e4       0x12 ./USB_HOST/Target/usbh_conf.o
                0x080058e4                USBH_LL_Start
 .text.USBH_LL_Stop
                0x080058f6       0x12 ./USB_HOST/Target/usbh_conf.o
                0x080058f6                USBH_LL_Stop
 .text.USBH_LL_ResetPort
                0x08005908       0x12 ./USB_HOST/Target/usbh_conf.o
                0x08005908                USBH_LL_ResetPort
 .text.USBH_LL_OpenPipe
                0x0800591a       0x26 ./USB_HOST/Target/usbh_conf.o
                0x0800591a                USBH_LL_OpenPipe
 .text.USBH_LL_ClosePipe
                0x08005940       0x12 ./USB_HOST/Target/usbh_conf.o
                0x08005940                USBH_LL_ClosePipe
 .text.USBH_LL_SubmitURB
                0x08005952       0x2a ./USB_HOST/Target/usbh_conf.o
                0x08005952                USBH_LL_SubmitURB
 .text.MX_DriverVbusHS
                0x0800597c       0x14 ./USB_HOST/Target/usbh_platform.o
                0x0800597c                MX_DriverVbusHS
 .text.malloc   0x08005990       0x10 C:/ST/STM32CubeIDE_1.16.0/STM32CubeIDE/plugins/com.st.stm32cube.ide.mcu.externaltools.gnu-tools-for-stm32.12.3.rel1.win32_1.0.200.202406191623/tools/bin/../lib/gcc/arm-none-eabi/12.3.1/../../../../arm-none-eabi/lib/thumb/v7e-m+fp/hard\libc_nano.a(libc_a-malloc.o)
                0x08005990                malloc
 .text.free     0x080059a0       0x10 C:/ST/STM32CubeIDE_1.16.0/STM32CubeIDE/plugins/com.st.stm32cube.ide.mcu.externaltools.gnu-tools-for-stm32.12.3.rel1.win32_1.0.200.202406191623/tools/bin/../lib/gcc/arm-none-eabi/12.3.1/../../../../arm-none-eabi/lib/thumb/v7e-m+fp/hard\libc_nano.a(libc_a-malloc.o)
                0x080059a0                free
 .text.sbrk_aligned
                0x080059b0       0x44 C:/ST/STM32CubeIDE_1.16.0/STM32CubeIDE/plugins/com.st.stm32cube.ide.mcu.externaltools.gnu-tools-for-stm32.12.3.rel1.win32_1.0.200.202406191623/tools/bin/../lib/gcc/arm-none-eabi/12.3.1/../../../../arm-none-eabi/lib/thumb/v7e-m+fp/hard\libc_nano.a(libc_a-mallocr.o)
 .text._malloc_r
                0x080059f4      0x100 C:/ST/STM32CubeIDE_1.16.0/STM32CubeIDE/plugins/com.st.stm32cube.ide.mcu.externaltools.gnu-tools-for-stm32.12.3.rel1.win32_1.0.200.202406191623/tools/bin/../lib/gcc/arm-none-eabi/12.3.1/../../../../arm-none-eabi/lib/thumb/v7e-m+fp/hard\libc_nano.a(libc_a-mallocr.o)
                0x080059f4                _malloc_r
 .text.__malloc_lock
                0x08005af4        0xc C:/ST/STM32CubeIDE_1.16.0/STM32CubeIDE/plugins/com.st.stm32cube.ide.mcu.externaltools.gnu-tools-for-stm32.12.3.rel1.win32_1.0.200.202406191623/tools/bin/../lib/gcc/arm-none-eabi/12.3.1/../../../../arm-none-eabi/lib/thumb/v7e-m+fp/hard\libc_nano.a(libc_a-mlock.o)
                0x08005af4                __malloc_lock
 .text.__malloc_unlock
                0x08005b00        0xc C:/ST/STM32CubeIDE_1.16.0/STM32CubeIDE/plugins/com.st.stm32cube.ide.mcu.externaltools.gnu-tools-for-stm32.12.3.rel1.win32_1.0.200.202406191623/tools/bin/../lib/gcc/arm-none-eabi/12.3.1/../../../../arm-none-eabi/lib/thumb/v7e-m+fp/hard\libc_nano.a(libc_a-mlock.o)
                0x08005b00                __malloc_unlock
 .text.memmove  0x08005b0c       0x34 C:/ST/STM32CubeIDE_1.16.0/STM32CubeIDE/plugins/com.st.stm32cube.ide.mcu.externaltools.gnu-tools-for-stm32.12.3.rel1.win32_1.0.200.202406191623/tools/bin/../lib/gcc/arm-none-eabi/12.3.1/../../../../arm-none-eabi/lib/thumb/v7e-m+fp/hard\libc_nano.a(libc_a-memmove.o)
                0x08005b0c                memmove
 .text.memset   0x08005b40       0x10 C:/ST/STM32CubeIDE_1.16.0/STM32CubeIDE/plugins/com.st.stm32cube.ide.mcu.externaltools.gnu-tools-for-stm32.12.3.rel1.win32_1.0.200.202406191623/tools/bin/../lib/gcc/arm-none-eabi/12.3.1/../../../../arm-none-eabi/lib/thumb/v7e-m+fp/hard\libc_nano.a(libc_a-memset.o)
                0x08005b40                memset
 .text._sbrk_r  0x08005b50       0x20 C:/ST/STM32CubeIDE_1.16.0/STM32CubeIDE/plugins/com.st.stm32cube.ide.mcu.externaltools.gnu-tools-for-stm32.12.3.rel1.win32_1.0.200.202406191623/tools/bin/../lib/gcc/arm-none-eabi/12.3.1/../../../../arm-none-eabi/lib/thumb/v7e-m+fp/hard\libc_nano.a(libc_a-sbrkr.o)
                0x08005b50                _sbrk_r
 .text.__errno  0x08005b70        0xc C:/ST/STM32CubeIDE_1.16.0/STM32CubeIDE/plugins/com.st.stm32cube.ide.mcu.externaltools.gnu-tools-for-stm32.12.3.rel1.win32_1.0.200.202406191623/tools/bin/../lib/gcc/arm-none-eabi/12.3.1/../../../../arm-none-eabi/lib/thumb/v7e-m+fp/hard\libc_nano.a(libc_a-errno.o)
                0x08005b70                __errno
 .text.__libc_init_array
                0x08005b7c       0x48 C:/ST/STM32CubeIDE_1.16.0/STM32CubeIDE/plugins/com.st.stm32cube.ide.mcu.externaltools.gnu-tools-for-stm32.12.3.rel1.win32_1.0.200.202406191623/tools/bin/../lib/gcc/arm-none-eabi/12.3.1/../../../../arm-none-eabi/lib/thumb/v7e-m+fp/hard\libc_nano.a(libc_a-init.o)
                0x08005b7c                __libc_init_array
 .text.__retarget_lock_acquire_recursive
                0x08005bc4        0x2 C:/ST/STM32CubeIDE_1.16.0/STM32CubeIDE/plugins/com.st.stm32cube.ide.mcu.externaltools.gnu-tools-for-stm32.12.3.rel1.win32_1.0.200.202406191623/tools/bin/../lib/gcc/arm-none-eabi/12.3.1/../../../../arm-none-eabi/lib/thumb/v7e-m+fp/hard\libc_nano.a(libc_a-lock.o)
                0x08005bc4                __retarget_lock_acquire_recursive
 .text.__retarget_lock_release_recursive
                0x08005bc6        0x2 C:/ST/STM32CubeIDE_1.16.0/STM32CubeIDE/plugins/com.st.stm32cube.ide.mcu.externaltools.gnu-tools-for-stm32.12.3.rel1.win32_1.0.200.202406191623/tools/bin/../lib/gcc/arm-none-eabi/12.3.1/../../../../arm-none-eabi/lib/thumb/v7e-m+fp/hard\libc_nano.a(libc_a-lock.o)
                0x08005bc6                __retarget_lock_release_recursive
 .text.memcpy   0x08005bc8       0x1c C:/ST/STM32CubeIDE_1.16.0/STM32CubeIDE/plugins/com.st.stm32cube.ide.mcu.externaltools.gnu-tools-for-stm32.12.3.rel1.win32_1.0.200.202406191623/tools/bin/../lib/gcc/arm-none-eabi/12.3.1/../../../../arm-none-eabi/lib/thumb/v7e-m+fp/hard\libc_nano.a(libc_a-memcpy-stub.o)
                0x08005bc8                memcpy
 .text._free_r  0x08005be4       0x94 C:/ST/STM32CubeIDE_1.16.0/STM32CubeIDE/plugins/com.st.stm32cube.ide.mcu.externaltools.gnu-tools-for-stm32.12.3.rel1.win32_1.0.200.202406191623/tools/bin/../lib/gcc/arm-none-eabi/12.3.1/../../../../arm-none-eabi/lib/thumb/v7e-m+fp/hard\libc_nano.a(libc_a-freer.o)
                0x08005be4                _free_r
 *(.glue_7)
 .glue_7        0x08005c78        0x0 linker stubs
 *(.glue_7t)
 .glue_7t       0x08005c78        0x0 linker stubs
 *(.eh_frame)
 .eh_frame      0x08005c78        0x0 C:/ST/STM32CubeIDE_1.16.0/STM32CubeIDE/plugins/com.st.stm32cube.ide.mcu.externaltools.gnu-tools-for-stm32.12.3.rel1.win32_1.0.200.202406191623/tools/bin/../lib/gcc/arm-none-eabi/12.3.1/thumb/v7e-m+fp/hard/crtbegin.o
 *(.init)
 .init          0x08005c78        0x4 C:/ST/STM32CubeIDE_1.16.0/STM32CubeIDE/plugins/com.st.stm32cube.ide.mcu.externaltools.gnu-tools-for-stm32.12.3.rel1.win32_1.0.200.202406191623/tools/bin/../lib/gcc/arm-none-eabi/12.3.1/thumb/v7e-m+fp/hard/crti.o
                0x08005c78                _init
 .init          0x08005c7c        0x8 C:/ST/STM32CubeIDE_1.16.0/STM32CubeIDE/plugins/com.st.stm32cube.ide.mcu.externaltools.gnu-tools-for-stm32.12.3.rel1.win32_1.0.200.202406191623/tools/bin/../lib/gcc/arm-none-eabi/12.3.1/thumb/v7e-m+fp/hard/crtn.o
 *(.fini)
 .fini          0x08005c84        0x4 C:/ST/STM32CubeIDE_1.16.0/STM32CubeIDE/plugins/com.st.stm32cube.ide.mcu.externaltools.gnu-tools-for-stm32.12.3.rel1.win32_1.0.200.202406191623/tools/bin/../lib/gcc/arm-none-eabi/12.3.1/thumb/v7e-m+fp/hard/crti.o
                0x08005c84                _fini
 .fini          0x08005c88        0x8 C:/ST/STM32CubeIDE_1.16.0/STM32CubeIDE/plugins/com.st.stm32cube.ide.mcu.externaltools.gnu-tools-for-stm32.12.3.rel1.win32_1.0.200.202406191623/tools/bin/../lib/gcc/arm-none-eabi/12.3.1/thumb/v7e-m+fp/hard/crtn.o
                0x08005c90                        . = ALIGN (0x4)
                0x08005c90                        _etext = .

.vfp11_veneer   0x08005c90        0x0
 .vfp11_veneer  0x08005c90        0x0 linker stubs

.v4_bx          0x08005c90        0x0
 .v4_bx         0x08005c90        0x0 linker stubs

.iplt           0x08005c90        0x0
 .iplt          0x08005c90        0x0 C:/ST/STM32CubeIDE_1.16.0/STM32CubeIDE/plugins/com.st.stm32cube.ide.mcu.externaltools.gnu-tools-for-stm32.12.3.rel1.win32_1.0.200.202406191623/tools/bin/../lib/gcc/arm-none-eabi/12.3.1/thumb/v7e-m+fp/hard/crtbegin.o

.rodata         0x08005c90       0x20
                0x08005c90                        . = ALIGN (0x4)
 *(.rodata)
 *(.rodata*)
 .rodata.Dcm_Test_SecurityAccess.str1.1
                0x08005c90        0x3 ./Core/Src/DCM/DCM.o
 .rodata.APBPrescTable
                0x08005c93        0x8 ./Core/Src/system_stm32f4xx.o
                0x08005c93                APBPrescTable
 .rodata.AHBPrescTable
                0x08005c9b       0x10 ./Core/Src/system_stm32f4xx.o
                0x08005c9b                AHBPrescTable
 .rodata.str1.1
                0x08005cab        0x4 ./Middlewares/ST/STM32_USB_Host_Library/Class/CDC/Src/usbh_cdc.o
                0x08005cb0                        . = ALIGN (0x4)
 *fill*         0x08005caf        0x1 

.ARM.extab      0x08005cb0        0x0
                0x08005cb0                        . = ALIGN (0x4)
 *(.ARM.extab* .gnu.linkonce.armextab.*)
                0x08005cb0                        . = ALIGN (0x4)

.ARM            0x08005cb0        0x8
                0x08005cb0                        . = ALIGN (0x4)
                0x08005cb0                        __exidx_start = .
 *(.ARM.exidx*)
 .ARM.exidx     0x08005cb0        0x8 C:/ST/STM32CubeIDE_1.16.0/STM32CubeIDE/plugins/com.st.stm32cube.ide.mcu.externaltools.gnu-tools-for-stm32.12.3.rel1.win32_1.0.200.202406191623/tools/bin/../lib/gcc/arm-none-eabi/12.3.1/thumb/v7e-m+fp/hard\libgcc.a(_udivmoddi4.o)
                0x08005cb8                        __exidx_end = .
                0x08005cb8                        . = ALIGN (0x4)

.rel.dyn        0x08005cb8        0x0
 .rel.iplt      0x08005cb8        0x0 C:/ST/STM32CubeIDE_1.16.0/STM32CubeIDE/plugins/com.st.stm32cube.ide.mcu.externaltools.gnu-tools-for-stm32.12.3.rel1.win32_1.0.200.202406191623/tools/bin/../lib/gcc/arm-none-eabi/12.3.1/thumb/v7e-m+fp/hard/crtbegin.o

.preinit_array  0x08005cb8        0x0
                0x08005cb8                        . = ALIGN (0x4)
                0x08005cb8                        PROVIDE (__preinit_array_start = .)
 *(.preinit_array*)
                0x08005cb8                        PROVIDE (__preinit_array_end = .)
                0x08005cb8                        . = ALIGN (0x4)

.init_array     0x08005cb8        0x4
                0x08005cb8                        . = ALIGN (0x4)
                0x08005cb8                        PROVIDE (__init_array_start = .)
 *(SORT_BY_NAME(.init_array.*))
 *(.init_array*)
 .init_array    0x08005cb8        0x4 C:/ST/STM32CubeIDE_1.16.0/STM32CubeIDE/plugins/com.st.stm32cube.ide.mcu.externaltools.gnu-tools-for-stm32.12.3.rel1.win32_1.0.200.202406191623/tools/bin/../lib/gcc/arm-none-eabi/12.3.1/thumb/v7e-m+fp/hard/crtbegin.o
                0x08005cbc                        PROVIDE (__init_array_end = .)
                0x08005cbc                        . = ALIGN (0x4)

.fini_array     0x08005cbc        0x4
                0x08005cbc                        . = ALIGN (0x4)
                [!provide]                        PROVIDE (__fini_array_start = .)
 *(SORT_BY_NAME(.fini_array.*))
 *(.fini_array*)
 .fini_array    0x08005cbc        0x4 C:/ST/STM32CubeIDE_1.16.0/STM32CubeIDE/plugins/com.st.stm32cube.ide.mcu.externaltools.gnu-tools-for-stm32.12.3.rel1.win32_1.0.200.202406191623/tools/bin/../lib/gcc/arm-none-eabi/12.3.1/thumb/v7e-m+fp/hard/crtbegin.o
                [!provide]                        PROVIDE (__fini_array_end = .)
                0x08005cc0                        . = ALIGN (0x4)
                0x08005cc0                        _sidata = LOADADDR (.data)

.data           0x20000000       0x94 load address 0x08005cc0
                0x20000000                        . = ALIGN (0x4)
                0x20000000                        _sdata = .
 *(.data)
 *(.data*)
 .data.operations
                0x20000000        0x8 ./Core/Src/CanTp/CanTp.o
                0x20000000                operations
 .data.ids      0x20000008        0x6 ./Core/Src/CanTp/CanTp.o
                0x20000008                ids
 .data.VirtAddVarTab
                0x2000000e        0x6 ./Core/Src/main.o
                0x2000000e                VirtAddVarTab
 .data.Dcm_Service_SecurityAccess_SeedCounter
                0x20000014        0x2 ./Core/Src/stm32f4xx_it.o
                0x20000014                Dcm_Service_SecurityAccess_SeedCounter
 *fill*         0x20000016        0x2 
 .data.SystemCoreClock
                0x20000018        0x4 ./Core/Src/system_stm32f4xx.o
                0x20000018                SystemCoreClock
 .data.uwTickFreq
                0x2000001c        0x1 ./Drivers/STM32F4xx_HAL_Driver/Src/stm32f4xx_hal.o
                0x2000001c                uwTickFreq
 *fill*         0x2000001d        0x3 
 .data.uwTickPrio
                0x20000020        0x4 ./Drivers/STM32F4xx_HAL_Driver/Src/stm32f4xx_hal.o
                0x20000020                uwTickPrio
 .data.CDC_Class
                0x20000024       0x20 ./Middlewares/ST/STM32_USB_Host_Library/Class/CDC/Src/usbh_cdc.o
                0x20000024                CDC_Class
 .data._impure_ptr
                0x20000044        0x4 C:/ST/STM32CubeIDE_1.16.0/STM32CubeIDE/plugins/com.st.stm32cube.ide.mcu.externaltools.gnu-tools-for-stm32.12.3.rel1.win32_1.0.200.202406191623/tools/bin/../lib/gcc/arm-none-eabi/12.3.1/../../../../arm-none-eabi/lib/thumb/v7e-m+fp/hard\libc_nano.a(libc_a-impure.o)
                0x20000044                _impure_ptr
 .data._impure_data
                0x20000048       0x4c C:/ST/STM32CubeIDE_1.16.0/STM32CubeIDE/plugins/com.st.stm32cube.ide.mcu.externaltools.gnu-tools-for-stm32.12.3.rel1.win32_1.0.200.202406191623/tools/bin/../lib/gcc/arm-none-eabi/12.3.1/../../../../arm-none-eabi/lib/thumb/v7e-m+fp/hard\libc_nano.a(libc_a-impure.o)
                0x20000048                _impure_data
 *(.RamFunc)
 *(.RamFunc*)
                0x20000094                        . = ALIGN (0x4)
                0x20000094                        _edata = .
                0x08005d54                        _siccmram = LOADADDR (.ccmram)

.igot.plt       0x20000094        0x0 load address 0x08005d54
 .igot.plt      0x20000094        0x0 C:/ST/STM32CubeIDE_1.16.0/STM32CubeIDE/plugins/com.st.stm32cube.ide.mcu.externaltools.gnu-tools-for-stm32.12.3.rel1.win32_1.0.200.202406191623/tools/bin/../lib/gcc/arm-none-eabi/12.3.1/thumb/v7e-m+fp/hard/crtbegin.o

.ccmram         0x10000000        0x0 load address 0x08005d54
                0x10000000                        . = ALIGN (0x4)
                0x10000000                        _sccmram = .
 *(.ccmram)
 *(.ccmram*)
                0x10000000                        . = ALIGN (0x4)
                0x10000000                        _eccmram = .
                0x10000000                        . = ALIGN (0x4)

.bss            0x20000094      0xe04
                0x20000094                        _sbss = .
                0x20000094                        __bss_start__ = _sbss
 *(.bss)
 .bss           0x20000094       0x1c C:/ST/STM32CubeIDE_1.16.0/STM32CubeIDE/plugins/com.st.stm32cube.ide.mcu.externaltools.gnu-tools-for-stm32.12.3.rel1.win32_1.0.200.202406191623/tools/bin/../lib/gcc/arm-none-eabi/12.3.1/thumb/v7e-m+fp/hard/crtbegin.o
 *(.bss*)
 .bss.Can_IsReadyFlag
                0x200000b0        0x1 ./Core/Src/CanDrv/CanDrv.o
                0x200000b0                Can_IsReadyFlag
 *fill*         0x200000b1        0x3 
 .bss.Can_TxMailbox
                0x200000b4       0x10 ./Core/Src/CanDrv/CanDrv.o
                0x200000b4                Can_TxMailbox
 .bss.Can_Can1RxHeader
                0x200000c4       0x1c ./Core/Src/CanDrv/CanDrv.o
                0x200000c4                Can_Can1RxHeader
 .bss.Can_Can1TxHeader
                0x200000e0       0x18 ./Core/Src/CanDrv/CanDrv.o
                0x200000e0                Can_Can1TxHeader
 .bss.Can_Can1Filter
                0x200000f8       0x28 ./Core/Src/CanDrv/CanDrv.o
                0x200000f8                Can_Can1Filter
 .bss.Can_Hcan1
                0x20000120       0x28 ./Core/Src/CanDrv/CanDrv.o
                0x20000120                Can_Hcan1
 .bss.step      0x20000148        0x4 ./Core/Src/CanIf/CanIf.o
                0x20000148                step
 .bss.CanTp_DcmFramePrev
                0x2000014c        0xc ./Core/Src/CanTp/CanTp.o
                0x2000014c                CanTp_DcmFramePrev
 .bss.CanTp_PduRFrame
                0x20000158        0xc ./Core/Src/CanTp/CanTp.o
                0x20000158                CanTp_PduRFrame
 .bss.CanTp_CanTpFrame
                0x20000164        0xc ./Core/Src/CanTp/CanTp.o
                0x20000164                CanTp_CanTpFrame
 .bss.Dcm_ActiveSecurityLevel
                0x20000170        0x1 ./Core/Src/DCM/DCM.o
                0x20000170                Dcm_ActiveSecurityLevel
 *fill*         0x20000171        0x1 
 .bss.DID_0xF1BD_ecuSignatureType
                0x20000172       0x22 ./Core/Src/DCM/Dcm_DID.o
                0x20000172                DID_0xF1BD_ecuSignatureType
 .bss.DID_0xF1A2_vectorDeliveryID
                0x20000194       0x22 ./Core/Src/DCM/Dcm_DID.o
                0x20000194                DID_0xF1A2_vectorDeliveryID
 .bss.DID_0xF110_ecuDiagnosticIdentification
                0x200001b6       0x22 ./Core/Src/DCM/Dcm_DID.o
                0x200001b6                DID_0xF110_ecuDiagnosticIdentification
 .bss.DID_0x201A_appSoftwareReprogrammingAttemptCounter
                0x200001d8       0x22 ./Core/Src/DCM/Dcm_DID.o
                0x200001d8                DID_0x201A_appSoftwareReprogrammingAttemptCounter
 .bss.DID_0x2010_programmingStatus
                0x200001fa       0x22 ./Core/Src/DCM/Dcm_DID.o
                0x200001fa                DID_0x2010_programmingStatus
 .bss.DID_0x100B_diagToolAndSessionStatus
                0x2000021c       0x22 ./Core/Src/DCM/Dcm_DID.o
                0x2000021c                DID_0x100B_diagToolAndSessionStatus
 *fill*         0x2000023e        0x2 
 .bss.allDIDs   0x20000240      0x190 ./Core/Src/DCM/Dcm_DID.o
                0x20000240                allDIDs
 .bss.serviceState
                0x200003d0        0x1 ./Core/Src/DCM/Dcm_Service_SecurityAccess.o
                0x200003d0                serviceState
 .bss.requestedSecurityLevel
                0x200003d1        0x1 ./Core/Src/DCM/Dcm_Service_SecurityAccess.o
                0x200003d1                requestedSecurityLevel
 .bss.encryptedSeed
                0x200003d2        0x2 ./Core/Src/DCM/Dcm_Service_SecurityAccess.o
                0x200003d2                encryptedSeed
 .bss.requestedSeedCounter
                0x200003d4        0x2 ./Core/Src/DCM/Dcm_Service_SecurityAccess.o
                0x200003d4                requestedSeedCounter
 .bss.requestedSeed
                0x200003d6        0x2 ./Core/Src/DCM/Dcm_Service_SecurityAccess.o
                0x200003d6                requestedSeed
 .bss.DataVar   0x200003d8        0x2 ./Core/Src/Eeprom/Eeprom.o
                0x200003d8                DataVar
 *fill*         0x200003da        0x2 
 .bss.hsdram1   0x200003dc       0x34 ./Core/Src/main.o
                0x200003dc                hsdram1
 .bss.huart2    0x20000410       0x44 ./Core/Src/main.o
                0x20000410                huart2
 .bss.huart1    0x20000454       0x44 ./Core/Src/main.o
                0x20000454                huart1
 .bss.htim2     0x20000498       0x48 ./Core/Src/main.o
                0x20000498                htim2
 .bss.htim1     0x200004e0       0x48 ./Core/Src/main.o
                0x200004e0                htim1
 .bss.hspi5     0x20000528       0x58 ./Core/Src/main.o
                0x20000528                hspi5
 .bss.hdma2d    0x20000580       0x40 ./Core/Src/main.o
                0x20000580                hdma2d
 .bss.hcrc      0x200005c0        0x8 ./Core/Src/main.o
                0x200005c0                hcrc
 .bss.hcan1     0x200005c8       0x28 ./Core/Src/main.o
                0x200005c8                hcan1
 .bss.FMC_Initialized
                0x200005f0        0x4 ./Core/Src/stm32f4xx_hal_msp.o
 .bss.htim6     0x200005f4       0x48 ./Core/Src/stm32f4xx_hal_timebase_tim.o
                0x200005f4                htim6
 .bss.OS_1000ms_TaskCounter
                0x2000063c        0x4 ./Core/Src/stm32f4xx_it.o
                0x2000063c                OS_1000ms_TaskCounter
 .bss.OS_10ms_TaskCounter
                0x20000640        0x4 ./Core/Src/stm32f4xx_it.o
                0x20000640                OS_10ms_TaskCounter
 .bss.OS_5ms_TaskCounter
                0x20000644        0x4 ./Core/Src/stm32f4xx_it.o
                0x20000644                OS_5ms_TaskCounter
 .bss.__sbrk_heap_end
                0x20000648        0x4 ./Core/Src/sysmem.o
 .bss.uwTick    0x2000064c        0x4 ./Drivers/STM32F4xx_HAL_Driver/Src/stm32f4xx_hal.o
                0x2000064c                uwTick
 .bss.pFlash    0x20000650       0x20 ./Drivers/STM32F4xx_HAL_Driver/Src/stm32f4xx_hal_flash.o
                0x20000650                pFlash
 .bss.Appli_state
                0x20000670        0x1 ./USB_HOST/App/usb_host.o
                0x20000670                Appli_state
 *fill*         0x20000671        0x3 
 .bss.hUsbHostHS
                0x20000674      0x3d8 ./USB_HOST/App/usb_host.o
                0x20000674                hUsbHostHS
 .bss.hhcd_USB_OTG_HS
                0x20000a4c      0x304 ./USB_HOST/Target/usbh_conf.o
                0x20000a4c                hhcd_USB_OTG_HS
 .bss.__malloc_sbrk_start
                0x20000d50        0x4 C:/ST/STM32CubeIDE_1.16.0/STM32CubeIDE/plugins/com.st.stm32cube.ide.mcu.externaltools.gnu-tools-for-stm32.12.3.rel1.win32_1.0.200.202406191623/tools/bin/../lib/gcc/arm-none-eabi/12.3.1/../../../../arm-none-eabi/lib/thumb/v7e-m+fp/hard\libc_nano.a(libc_a-mallocr.o)
                0x20000d50                __malloc_sbrk_start
 .bss.__malloc_free_list
                0x20000d54        0x4 C:/ST/STM32CubeIDE_1.16.0/STM32CubeIDE/plugins/com.st.stm32cube.ide.mcu.externaltools.gnu-tools-for-stm32.12.3.rel1.win32_1.0.200.202406191623/tools/bin/../lib/gcc/arm-none-eabi/12.3.1/../../../../arm-none-eabi/lib/thumb/v7e-m+fp/hard\libc_nano.a(libc_a-mallocr.o)
                0x20000d54                __malloc_free_list
 .bss.__sf      0x20000d58      0x138 C:/ST/STM32CubeIDE_1.16.0/STM32CubeIDE/plugins/com.st.stm32cube.ide.mcu.externaltools.gnu-tools-for-stm32.12.3.rel1.win32_1.0.200.202406191623/tools/bin/../lib/gcc/arm-none-eabi/12.3.1/../../../../arm-none-eabi/lib/thumb/v7e-m+fp/hard\libc_nano.a(libc_a-findfp.o)
                0x20000d58                __sf
 .bss.errno     0x20000e90        0x4 C:/ST/STM32CubeIDE_1.16.0/STM32CubeIDE/plugins/com.st.stm32cube.ide.mcu.externaltools.gnu-tools-for-stm32.12.3.rel1.win32_1.0.200.202406191623/tools/bin/../lib/gcc/arm-none-eabi/12.3.1/../../../../arm-none-eabi/lib/thumb/v7e-m+fp/hard\libc_nano.a(libc_a-reent.o)
                0x20000e90                errno
 .bss.__lock___malloc_recursive_mutex
                0x20000e94        0x1 C:/ST/STM32CubeIDE_1.16.0/STM32CubeIDE/plugins/com.st.stm32cube.ide.mcu.externaltools.gnu-tools-for-stm32.12.3.rel1.win32_1.0.200.202406191623/tools/bin/../lib/gcc/arm-none-eabi/12.3.1/../../../../arm-none-eabi/lib/thumb/v7e-m+fp/hard\libc_nano.a(libc_a-lock.o)
                0x20000e94                __lock___malloc_recursive_mutex
 *(COMMON)
                0x20000e98                        . = ALIGN (0x4)
 *fill*         0x20000e95        0x3 
                0x20000e98                        _ebss = .
                0x20000e98                        __bss_end__ = _ebss

._user_heap_stack
                0x20000e98      0x600
                0x20000e98                        . = ALIGN (0x8)
                [!provide]                        PROVIDE (end = .)
                0x20000e98                        PROVIDE (_end = .)
                0x20001098                        . = (. + _Min_Heap_Size)
 *fill*         0x20000e98      0x200 
                0x20001498                        . = (. + _Min_Stack_Size)
 *fill*         0x20001098      0x400 
                0x20001498                        . = ALIGN (0x8)

/DISCARD/
 libc.a(*)
 libm.a(*)
 libgcc.a(*)

.ARM.attributes
                0x00000000       0x30
 *(.ARM.attributes)
 .ARM.attributes
                0x00000000       0x22 C:/ST/STM32CubeIDE_1.16.0/STM32CubeIDE/plugins/com.st.stm32cube.ide.mcu.externaltools.gnu-tools-for-stm32.12.3.rel1.win32_1.0.200.202406191623/tools/bin/../lib/gcc/arm-none-eabi/12.3.1/thumb/v7e-m+fp/hard/crti.o
 .ARM.attributes
                0x00000022       0x34 C:/ST/STM32CubeIDE_1.16.0/STM32CubeIDE/plugins/com.st.stm32cube.ide.mcu.externaltools.gnu-tools-for-stm32.12.3.rel1.win32_1.0.200.202406191623/tools/bin/../lib/gcc/arm-none-eabi/12.3.1/thumb/v7e-m+fp/hard/crtbegin.o
 .ARM.attributes
                0x00000056       0x34 ./Core/Src/CanDrv/CanDrv.o
 .ARM.attributes
                0x0000008a       0x34 ./Core/Src/CanIf/CanIf.o
 .ARM.attributes
                0x000000be       0x34 ./Core/Src/CanTp/CanTp.o
 .ARM.attributes
                0x000000f2       0x34 ./Core/Src/DCM/DCM.o
 .ARM.attributes
                0x00000126       0x34 ./Core/Src/DCM/Dcm_DID.o
 .ARM.attributes
                0x0000015a       0x34 ./Core/Src/DCM/Dcm_Service_ClearDiagnosticInformation.o
 .ARM.attributes
                0x0000018e       0x34 ./Core/Src/DCM/Dcm_Service_DiagnosticSessionControl.o
 .ARM.attributes
                0x000001c2       0x34 ./Core/Src/DCM/Dcm_Service_ReadDTCInformation.o
 .ARM.attributes
                0x000001f6       0x34 ./Core/Src/DCM/Dcm_Service_ReadDataByIdentifier.o
 .ARM.attributes
                0x0000022a       0x34 ./Core/Src/DCM/Dcm_Service_ReadMemoryByAddress.o
 .ARM.attributes
                0x0000025e       0x34 ./Core/Src/DCM/Dcm_Service_RoutineControl.o
 .ARM.attributes
                0x00000292       0x34 ./Core/Src/DCM/Dcm_Service_SecurityAccess.o
 .ARM.attributes
                0x000002c6       0x34 ./Core/Src/DCM/Dcm_Service_WriteDataByIdentifier.o
 .ARM.attributes
                0x000002fa       0x34 ./Core/Src/DCM/Dcm_Service_WriteMemoryByAddress.o
 .ARM.attributes
                0x0000032e       0x34 ./Core/Src/Eeprom/Eeprom.o
 .ARM.attributes
                0x00000362       0x34 ./Core/Src/OS/OS.o
 .ARM.attributes
                0x00000396       0x34 ./Core/Src/main.o
 .ARM.attributes
                0x000003ca       0x34 ./Core/Src/stm32f4xx_hal_msp.o
 .ARM.attributes
                0x000003fe       0x34 ./Core/Src/stm32f4xx_hal_timebase_tim.o
 .ARM.attributes
                0x00000432       0x34 ./Core/Src/stm32f4xx_it.o
 .ARM.attributes
                0x00000466       0x34 ./Core/Src/sysmem.o
 .ARM.attributes
                0x0000049a       0x34 ./Core/Src/system_stm32f4xx.o
 .ARM.attributes
                0x000004ce       0x21 ./Core/Startup/startup_stm32f429zitx.o
 .ARM.attributes
                0x000004ef       0x34 ./Drivers/STM32F4xx_HAL_Driver/Src/stm32f4xx_hal.o
 .ARM.attributes
                0x00000523       0x34 ./Drivers/STM32F4xx_HAL_Driver/Src/stm32f4xx_hal_can.o
 .ARM.attributes
                0x00000557       0x34 ./Drivers/STM32F4xx_HAL_Driver/Src/stm32f4xx_hal_cortex.o
 .ARM.attributes
                0x0000058b       0x34 ./Drivers/STM32F4xx_HAL_Driver/Src/stm32f4xx_hal_crc.o
 .ARM.attributes
                0x000005bf       0x34 ./Drivers/STM32F4xx_HAL_Driver/Src/stm32f4xx_hal_dma2d.o
 .ARM.attributes
                0x000005f3       0x34 ./Drivers/STM32F4xx_HAL_Driver/Src/stm32f4xx_hal_flash.o
 .ARM.attributes
                0x00000627       0x34 ./Drivers/STM32F4xx_HAL_Driver/Src/stm32f4xx_hal_flash_ex.o
 .ARM.attributes
                0x0000065b       0x34 ./Drivers/STM32F4xx_HAL_Driver/Src/stm32f4xx_hal_gpio.o
 .ARM.attributes
                0x0000068f       0x34 ./Drivers/STM32F4xx_HAL_Driver/Src/stm32f4xx_hal_hcd.o
 .ARM.attributes
                0x000006c3       0x34 ./Drivers/STM32F4xx_HAL_Driver/Src/stm32f4xx_hal_rcc.o
 .ARM.attributes
                0x000006f7       0x34 ./Drivers/STM32F4xx_HAL_Driver/Src/stm32f4xx_hal_sdram.o
 .ARM.attributes
                0x0000072b       0x34 ./Drivers/STM32F4xx_HAL_Driver/Src/stm32f4xx_hal_spi.o
 .ARM.attributes
                0x0000075f       0x34 ./Drivers/STM32F4xx_HAL_Driver/Src/stm32f4xx_hal_tim.o
 .ARM.attributes
                0x00000793       0x34 ./Drivers/STM32F4xx_HAL_Driver/Src/stm32f4xx_hal_tim_ex.o
 .ARM.attributes
                0x000007c7       0x34 ./Drivers/STM32F4xx_HAL_Driver/Src/stm32f4xx_hal_uart.o
 .ARM.attributes
                0x000007fb       0x34 ./Drivers/STM32F4xx_HAL_Driver/Src/stm32f4xx_ll_fmc.o
 .ARM.attributes
                0x0000082f       0x34 ./Drivers/STM32F4xx_HAL_Driver/Src/stm32f4xx_ll_usb.o
 .ARM.attributes
                0x00000863       0x34 ./Middlewares/ST/STM32_USB_Host_Library/Class/CDC/Src/usbh_cdc.o
 .ARM.attributes
                0x00000897       0x34 ./Middlewares/ST/STM32_USB_Host_Library/Core/Src/usbh_core.o
 .ARM.attributes
                0x000008cb       0x34 ./Middlewares/ST/STM32_USB_Host_Library/Core/Src/usbh_ctlreq.o
 .ARM.attributes
                0x000008ff       0x34 ./Middlewares/ST/STM32_USB_Host_Library/Core/Src/usbh_ioreq.o
 .ARM.attributes
                0x00000933       0x34 ./Middlewares/ST/STM32_USB_Host_Library/Core/Src/usbh_pipes.o
 .ARM.attributes
                0x00000967       0x34 ./USB_HOST/App/usb_host.o
 .ARM.attributes
                0x0000099b       0x34 ./USB_HOST/Target/usbh_conf.o
 .ARM.attributes
                0x000009cf       0x34 ./USB_HOST/Target/usbh_platform.o
 .ARM.attributes
                0x00000a03       0x34 C:/ST/STM32CubeIDE_1.16.0/STM32CubeIDE/plugins/com.st.stm32cube.ide.mcu.externaltools.gnu-tools-for-stm32.12.3.rel1.win32_1.0.200.202406191623/tools/bin/../lib/gcc/arm-none-eabi/12.3.1/../../../../arm-none-eabi/lib/thumb/v7e-m+fp/hard\libc_nano.a(libc_a-malloc.o)
 .ARM.attributes
                0x00000a37       0x34 C:/ST/STM32CubeIDE_1.16.0/STM32CubeIDE/plugins/com.st.stm32cube.ide.mcu.externaltools.gnu-tools-for-stm32.12.3.rel1.win32_1.0.200.202406191623/tools/bin/../lib/gcc/arm-none-eabi/12.3.1/../../../../arm-none-eabi/lib/thumb/v7e-m+fp/hard\libc_nano.a(libc_a-mallocr.o)
 .ARM.attributes
                0x00000a6b       0x34 C:/ST/STM32CubeIDE_1.16.0/STM32CubeIDE/plugins/com.st.stm32cube.ide.mcu.externaltools.gnu-tools-for-stm32.12.3.rel1.win32_1.0.200.202406191623/tools/bin/../lib/gcc/arm-none-eabi/12.3.1/../../../../arm-none-eabi/lib/thumb/v7e-m+fp/hard\libc_nano.a(libc_a-mlock.o)
 .ARM.attributes
                0x00000a9f       0x34 C:/ST/STM32CubeIDE_1.16.0/STM32CubeIDE/plugins/com.st.stm32cube.ide.mcu.externaltools.gnu-tools-for-stm32.12.3.rel1.win32_1.0.200.202406191623/tools/bin/../lib/gcc/arm-none-eabi/12.3.1/../../../../arm-none-eabi/lib/thumb/v7e-m+fp/hard\libc_nano.a(libc_a-findfp.o)
 .ARM.attributes
                0x00000ad3       0x34 C:/ST/STM32CubeIDE_1.16.0/STM32CubeIDE/plugins/com.st.stm32cube.ide.mcu.externaltools.gnu-tools-for-stm32.12.3.rel1.win32_1.0.200.202406191623/tools/bin/../lib/gcc/arm-none-eabi/12.3.1/../../../../arm-none-eabi/lib/thumb/v7e-m+fp/hard\libc_nano.a(libc_a-memmove.o)
 .ARM.attributes
                0x00000b07       0x34 C:/ST/STM32CubeIDE_1.16.0/STM32CubeIDE/plugins/com.st.stm32cube.ide.mcu.externaltools.gnu-tools-for-stm32.12.3.rel1.win32_1.0.200.202406191623/tools/bin/../lib/gcc/arm-none-eabi/12.3.1/../../../../arm-none-eabi/lib/thumb/v7e-m+fp/hard\libc_nano.a(libc_a-memset.o)
 .ARM.attributes
                0x00000b3b       0x34 C:/ST/STM32CubeIDE_1.16.0/STM32CubeIDE/plugins/com.st.stm32cube.ide.mcu.externaltools.gnu-tools-for-stm32.12.3.rel1.win32_1.0.200.202406191623/tools/bin/../lib/gcc/arm-none-eabi/12.3.1/../../../../arm-none-eabi/lib/thumb/v7e-m+fp/hard\libc_nano.a(libc_a-reent.o)
 .ARM.attributes
                0x00000b6f       0x34 C:/ST/STM32CubeIDE_1.16.0/STM32CubeIDE/plugins/com.st.stm32cube.ide.mcu.externaltools.gnu-tools-for-stm32.12.3.rel1.win32_1.0.200.202406191623/tools/bin/../lib/gcc/arm-none-eabi/12.3.1/../../../../arm-none-eabi/lib/thumb/v7e-m+fp/hard\libc_nano.a(libc_a-impure.o)
 .ARM.attributes
                0x00000ba3       0x34 C:/ST/STM32CubeIDE_1.16.0/STM32CubeIDE/plugins/com.st.stm32cube.ide.mcu.externaltools.gnu-tools-for-stm32.12.3.rel1.win32_1.0.200.202406191623/tools/bin/../lib/gcc/arm-none-eabi/12.3.1/../../../../arm-none-eabi/lib/thumb/v7e-m+fp/hard\libc_nano.a(libc_a-sbrkr.o)
 .ARM.attributes
                0x00000bd7       0x34 C:/ST/STM32CubeIDE_1.16.0/STM32CubeIDE/plugins/com.st.stm32cube.ide.mcu.externaltools.gnu-tools-for-stm32.12.3.rel1.win32_1.0.200.202406191623/tools/bin/../lib/gcc/arm-none-eabi/12.3.1/../../../../arm-none-eabi/lib/thumb/v7e-m+fp/hard\libc_nano.a(libc_a-errno.o)
 .ARM.attributes
                0x00000c0b       0x34 C:/ST/STM32CubeIDE_1.16.0/STM32CubeIDE/plugins/com.st.stm32cube.ide.mcu.externaltools.gnu-tools-for-stm32.12.3.rel1.win32_1.0.200.202406191623/tools/bin/../lib/gcc/arm-none-eabi/12.3.1/../../../../arm-none-eabi/lib/thumb/v7e-m+fp/hard\libc_nano.a(libc_a-init.o)
 .ARM.attributes
                0x00000c3f       0x34 C:/ST/STM32CubeIDE_1.16.0/STM32CubeIDE/plugins/com.st.stm32cube.ide.mcu.externaltools.gnu-tools-for-stm32.12.3.rel1.win32_1.0.200.202406191623/tools/bin/../lib/gcc/arm-none-eabi/12.3.1/../../../../arm-none-eabi/lib/thumb/v7e-m+fp/hard\libc_nano.a(libc_a-lock.o)
 .ARM.attributes
                0x00000c73       0x34 C:/ST/STM32CubeIDE_1.16.0/STM32CubeIDE/plugins/com.st.stm32cube.ide.mcu.externaltools.gnu-tools-for-stm32.12.3.rel1.win32_1.0.200.202406191623/tools/bin/../lib/gcc/arm-none-eabi/12.3.1/../../../../arm-none-eabi/lib/thumb/v7e-m+fp/hard\libc_nano.a(libc_a-memcpy-stub.o)
 .ARM.attributes
                0x00000ca7       0x34 C:/ST/STM32CubeIDE_1.16.0/STM32CubeIDE/plugins/com.st.stm32cube.ide.mcu.externaltools.gnu-tools-for-stm32.12.3.rel1.win32_1.0.200.202406191623/tools/bin/../lib/gcc/arm-none-eabi/12.3.1/../../../../arm-none-eabi/lib/thumb/v7e-m+fp/hard\libc_nano.a(libc_a-freer.o)
 .ARM.attributes
                0x00000cdb       0x22 C:/ST/STM32CubeIDE_1.16.0/STM32CubeIDE/plugins/com.st.stm32cube.ide.mcu.externaltools.gnu-tools-for-stm32.12.3.rel1.win32_1.0.200.202406191623/tools/bin/../lib/gcc/arm-none-eabi/12.3.1/thumb/v7e-m+fp/hard\libgcc.a(_aeabi_uldivmod.o)
 .ARM.attributes
                0x00000cfd       0x34 C:/ST/STM32CubeIDE_1.16.0/STM32CubeIDE/plugins/com.st.stm32cube.ide.mcu.externaltools.gnu-tools-for-stm32.12.3.rel1.win32_1.0.200.202406191623/tools/bin/../lib/gcc/arm-none-eabi/12.3.1/thumb/v7e-m+fp/hard\libgcc.a(_udivmoddi4.o)
 .ARM.attributes
                0x00000d31       0x22 C:/ST/STM32CubeIDE_1.16.0/STM32CubeIDE/plugins/com.st.stm32cube.ide.mcu.externaltools.gnu-tools-for-stm32.12.3.rel1.win32_1.0.200.202406191623/tools/bin/../lib/gcc/arm-none-eabi/12.3.1/thumb/v7e-m+fp/hard\libgcc.a(_dvmd_tls.o)
 .ARM.attributes
                0x00000d53       0x22 C:/ST/STM32CubeIDE_1.16.0/STM32CubeIDE/plugins/com.st.stm32cube.ide.mcu.externaltools.gnu-tools-for-stm32.12.3.rel1.win32_1.0.200.202406191623/tools/bin/../lib/gcc/arm-none-eabi/12.3.1/thumb/v7e-m+fp/hard/crtn.o
OUTPUT(GoKartComDia.elf elf32-littlearm)
LOAD linker stubs
LOAD C:/ST/STM32CubeIDE_1.16.0/STM32CubeIDE/plugins/com.st.stm32cube.ide.mcu.externaltools.gnu-tools-for-stm32.12.3.rel1.win32_1.0.200.202406191623/tools/bin/../lib/gcc/arm-none-eabi/12.3.1/../../../../arm-none-eabi/lib/thumb/v7e-m+fp/hard\libc.a
LOAD C:/ST/STM32CubeIDE_1.16.0/STM32CubeIDE/plugins/com.st.stm32cube.ide.mcu.externaltools.gnu-tools-for-stm32.12.3.rel1.win32_1.0.200.202406191623/tools/bin/../lib/gcc/arm-none-eabi/12.3.1/../../../../arm-none-eabi/lib/thumb/v7e-m+fp/hard\libm.a
LOAD C:/ST/STM32CubeIDE_1.16.0/STM32CubeIDE/plugins/com.st.stm32cube.ide.mcu.externaltools.gnu-tools-for-stm32.12.3.rel1.win32_1.0.200.202406191623/tools/bin/../lib/gcc/arm-none-eabi/12.3.1/thumb/v7e-m+fp/hard\libgcc.a

.comment        0x00000000       0x43
 .comment       0x00000000       0x43 ./Core/Src/CanDrv/CanDrv.o
                                 0x44 (size before relaxing)
 .comment       0x00000043       0x44 ./Core/Src/CanIf/CanIf.o
 .comment       0x00000043       0x44 ./Core/Src/CanTp/CanTp.o
 .comment       0x00000043       0x44 ./Core/Src/DCM/DCM.o
 .comment       0x00000043       0x44 ./Core/Src/DCM/Dcm_DID.o
 .comment       0x00000043       0x44 ./Core/Src/DCM/Dcm_Service_ClearDiagnosticInformation.o
 .comment       0x00000043       0x44 ./Core/Src/DCM/Dcm_Service_DiagnosticSessionControl.o
 .comment       0x00000043       0x44 ./Core/Src/DCM/Dcm_Service_ReadDTCInformation.o
 .comment       0x00000043       0x44 ./Core/Src/DCM/Dcm_Service_ReadDataByIdentifier.o
 .comment       0x00000043       0x44 ./Core/Src/DCM/Dcm_Service_ReadMemoryByAddress.o
 .comment       0x00000043       0x44 ./Core/Src/DCM/Dcm_Service_RoutineControl.o
 .comment       0x00000043       0x44 ./Core/Src/DCM/Dcm_Service_SecurityAccess.o
 .comment       0x00000043       0x44 ./Core/Src/DCM/Dcm_Service_WriteDataByIdentifier.o
 .comment       0x00000043       0x44 ./Core/Src/DCM/Dcm_Service_WriteMemoryByAddress.o
 .comment       0x00000043       0x44 ./Core/Src/Eeprom/Eeprom.o
 .comment       0x00000043       0x44 ./Core/Src/OS/OS.o
 .comment       0x00000043       0x44 ./Core/Src/main.o
 .comment       0x00000043       0x44 ./Core/Src/stm32f4xx_hal_msp.o
 .comment       0x00000043       0x44 ./Core/Src/stm32f4xx_hal_timebase_tim.o
 .comment       0x00000043       0x44 ./Core/Src/stm32f4xx_it.o
 .comment       0x00000043       0x44 ./Core/Src/sysmem.o
 .comment       0x00000043       0x44 ./Core/Src/system_stm32f4xx.o
 .comment       0x00000043       0x44 ./Drivers/STM32F4xx_HAL_Driver/Src/stm32f4xx_hal.o
 .comment       0x00000043       0x44 ./Drivers/STM32F4xx_HAL_Driver/Src/stm32f4xx_hal_can.o
 .comment       0x00000043       0x44 ./Drivers/STM32F4xx_HAL_Driver/Src/stm32f4xx_hal_cortex.o
 .comment       0x00000043       0x44 ./Drivers/STM32F4xx_HAL_Driver/Src/stm32f4xx_hal_crc.o
 .comment       0x00000043       0x44 ./Drivers/STM32F4xx_HAL_Driver/Src/stm32f4xx_hal_dma2d.o
 .comment       0x00000043       0x44 ./Drivers/STM32F4xx_HAL_Driver/Src/stm32f4xx_hal_flash.o
 .comment       0x00000043       0x44 ./Drivers/STM32F4xx_HAL_Driver/Src/stm32f4xx_hal_flash_ex.o
 .comment       0x00000043       0x44 ./Drivers/STM32F4xx_HAL_Driver/Src/stm32f4xx_hal_gpio.o
 .comment       0x00000043       0x44 ./Drivers/STM32F4xx_HAL_Driver/Src/stm32f4xx_hal_hcd.o
 .comment       0x00000043       0x44 ./Drivers/STM32F4xx_HAL_Driver/Src/stm32f4xx_hal_rcc.o
 .comment       0x00000043       0x44 ./Drivers/STM32F4xx_HAL_Driver/Src/stm32f4xx_hal_sdram.o
 .comment       0x00000043       0x44 ./Drivers/STM32F4xx_HAL_Driver/Src/stm32f4xx_hal_spi.o
 .comment       0x00000043       0x44 ./Drivers/STM32F4xx_HAL_Driver/Src/stm32f4xx_hal_tim.o
 .comment       0x00000043       0x44 ./Drivers/STM32F4xx_HAL_Driver/Src/stm32f4xx_hal_tim_ex.o
 .comment       0x00000043       0x44 ./Drivers/STM32F4xx_HAL_Driver/Src/stm32f4xx_hal_uart.o
 .comment       0x00000043       0x44 ./Drivers/STM32F4xx_HAL_Driver/Src/stm32f4xx_ll_fmc.o
 .comment       0x00000043       0x44 ./Drivers/STM32F4xx_HAL_Driver/Src/stm32f4xx_ll_usb.o
 .comment       0x00000043       0x44 ./Middlewares/ST/STM32_USB_Host_Library/Class/CDC/Src/usbh_cdc.o
 .comment       0x00000043       0x44 ./Middlewares/ST/STM32_USB_Host_Library/Core/Src/usbh_core.o